Component: ARM Compiler 5.06 update 1 (build 61) Tool: armlink [4d35a8]

==============================================================================

Section Cross References

    getline.o(i.getline) refers to getc.o(.text) for getc
    getline.o(i.getline) refers to putc.o(.text) for putc
    getline.o(i.getline) refers to stdio_streams.o(.bss) for __stdin
    getline.o(i.getline) refers to stdio_streams.o(.bss) for __stdout
    getopt.o(i._getopt_initialize) refers to getopt.o(.data) for optind
    getopt.o(i._getopt_internal) refers to _printf_percent.o(.ARM.Collect$$_printf_percent$$00000000) for _printf_percent
    getopt.o(i._getopt_internal) refers to _printf_s.o(.ARM.Collect$$_printf_percent$$00000014) for _printf_s
    getopt.o(i._getopt_internal) refers to _printf_str.o(.text) for _printf_str
    getopt.o(i._getopt_internal) refers to _printf_c.o(.ARM.Collect$$_printf_percent$$00000013) for _printf_c
    getopt.o(i._getopt_internal) refers to getopt.o(i._getopt_initialize) for _getopt_initialize
    getopt.o(i._getopt_internal) refers to getopt.o(i.exchange) for exchange
    getopt.o(i._getopt_internal) refers to strcmpv7m_pel.o(.text) for strcmp
    getopt.o(i._getopt_internal) refers to getopt.o(i.my_index) for my_index
    getopt.o(i._getopt_internal) refers to strncmp.o(.text) for strncmp
    getopt.o(i._getopt_internal) refers to strlen.o(.text) for strlen
    getopt.o(i._getopt_internal) refers to noretval__2printf.o(.text) for __2printf
    getopt.o(i._getopt_internal) refers to getopt.o(.data) for optarg
    getopt.o(i.exchange) refers to getopt.o(.data) for first_nonopt
    getopt.o(i.getopt) refers to getopt.o(i._getopt_internal) for _getopt_internal
    getopt1.o(i.getopt_long) refers to getopt.o(i._getopt_internal) for _getopt_internal
    getopt1.o(i.getopt_long_only) refers to getopt.o(i._getopt_internal) for _getopt_internal
    main.o(i.CPU_CACHE_Enable) refers to main.o(i.SCB_EnableDCache) for SCB_EnableDCache
    main.o(i.HAL_GetTick) refers to rt_time.o(.data) for os_time
    main.o(i.MPU_Config) refers to stm32f7xx_hal_cortex.o(i.HAL_MPU_ConfigRegion) for HAL_MPU_ConfigRegion
    main.o(i.SystemClock_Config) refers to stm32f7xx_hal_rcc.o(i.HAL_RCC_OscConfig) for HAL_RCC_OscConfig
    main.o(i.SystemClock_Config) refers to main.o(i.Error_Handler) for Error_Handler
    main.o(i.SystemClock_Config) refers to stm32f7xx_hal_pwr_ex.o(i.HAL_PWREx_EnableOverDrive) for HAL_PWREx_EnableOverDrive
    main.o(i.SystemClock_Config) refers to stm32f7xx_hal_rcc.o(i.HAL_RCC_ClockConfig) for HAL_RCC_ClockConfig
    main.o(i.main) refers to _printf_percent.o(.ARM.Collect$$_printf_percent$$00000000) for _printf_percent
    main.o(i.main) refers to _printf_d.o(.ARM.Collect$$_printf_percent$$00000009) for _printf_d
    main.o(i.main) refers to _printf_dec.o(.text) for _printf_int_dec
    main.o(i.main) refers to stdout_display.o(i.stdout_init) for stdout_init
    main.o(i.main) refers to main.o(i.MPU_Config) for MPU_Config
    main.o(i.main) refers to noretval__2printf.o(.text) for __2printf
    main.o(i.main) refers to main.o(i.CPU_CACHE_Enable) for CPU_CACHE_Enable
    main.o(i.main) refers to rt_cmsis.o(i.osKernelInitialize) for osKernelInitialize
    main.o(i.main) refers to stm32f7xx_hal.o(i.HAL_Init) for HAL_Init
    main.o(i.main) refers to main.o(i.SystemClock_Config) for SystemClock_Config
    main.o(i.main) refers to rt_cmsis.o(i.osKernelStart) for osKernelStart
    main.o(i.main) refers to usbh_core.o(i.USBH_Initialize) for USBH_Initialize
    main.o(i.main) refers to stm32f7xx_hal.o(i.HAL_GetHalVersion) for HAL_GetHalVersion
    main.o(i.main) refers to stm32f7xx_hal.o(i.HAL_GetDEVID) for HAL_GetDEVID
    main.o(i.main) refers to stm32f7xx_hal.o(i.HAL_GetREVID) for HAL_GetREVID
    main.o(i.main) refers to getline.o(i.getline) for getline
    main.o(i.main) refers to chshell_core.o(i.token) for token
    main.o(i.main) refers to main.o(.conststring) for .conststring
    stdin_keyboard.o(i.stdin_getchar) refers to usbh_hid.o(i.USBH_HID_GetKeyboardKey) for USBH_HID_GetKeyboardKey
    stdout_display.o(i.stdout_init) refers to glcd_746g_discovery.o(i.GLCD_Initialize) for GLCD_Initialize
    stdout_display.o(i.stdout_init) refers to glcd_746g_discovery.o(i.GLCD_SetBackgroundColor) for GLCD_SetBackgroundColor
    stdout_display.o(i.stdout_init) refers to glcd_746g_discovery.o(i.GLCD_SetForegroundColor) for GLCD_SetForegroundColor
    stdout_display.o(i.stdout_init) refers to glcd_746g_discovery.o(i.GLCD_ClearScreen) for GLCD_ClearScreen
    stdout_display.o(i.stdout_init) refers to glcd_746g_discovery.o(i.GLCD_SetFont) for GLCD_SetFont
    stdout_display.o(i.stdout_init) refers to glcd_fonts.o(.constdata) for GLCD_Font_6x8
    stdout_display.o(i.stdout_putchar) refers to glcd_746g_discovery.o(i.GLCD_VScroll) for GLCD_VScroll
    stdout_display.o(i.stdout_putchar) refers to glcd_746g_discovery.o(i.GLCD_DrawChar) for GLCD_DrawChar
[...]
    svcMessageCreate                         0x0800d11d   Thumb Code    36  rt_cmsis.o(i.svcMessageCreate)
    svcMessageGet                            0x0800d141   Thumb Code    58  rt_cmsis.o(i.svcMessageGet)
    svcSemaphoreCreate                       0x0800d17b   Thumb Code    36  rt_cmsis.o(i.svcSemaphoreCreate)
    svcSemaphoreRelease                      0x0800d19f   Thumb Code    40  rt_cmsis.o(i.svcSemaphoreRelease)
    svcSemaphoreWait                         0x0800d1c7   Thumb Code    50  rt_cmsis.o(i.svcSemaphoreWait)
    svcSignalSet                             0x0800d1f9   Thumb Code    36  rt_cmsis.o(i.svcSignalSet)
    svcSignalWait                            0x0800d21d   Thumb Code    80  rt_cmsis.o(i.svcSignalWait)
    svcThreadCreate                          0x0800d271   Thumb Code   100  rt_cmsis.o(i.svcThreadCreate)
    svcThreadGetId                           0x0800d2e1   Thumb Code    22  rt_cmsis.o(i.svcThreadGetId)
    svcThreadTerminate                       0x0800d2fd   Thumb Code    50  rt_cmsis.o(i.svcThreadTerminate)
    svcTimerCall                             0x0800d335   Thumb Code    24  rt_cmsis.o(i.svcTimerCall)
    svcTimerCreate                           0x0800d34d   Thumb Code    52  rt_cmsis.o(i.svcTimerCreate)
    svcTimerDelete                           0x0800d385   Thumb Code    40  rt_cmsis.o(i.svcTimerDelete)
    svcTimerStart                            0x0800d3ad   Thumb Code    96  rt_cmsis.o(i.svcTimerStart)
    sysTimerTick                             0x0800d411   Thumb Code    84  rt_cmsis.o(i.sysTimerTick)
    token                                    0x0800d46d   Thumb Code   136  chshell_core.o(i.token)
    _get_lc_ctype                            0x0800d4fd   Thumb Code    44  lc_ctype_c.o(locale$$code)
    _fp_init                                 0x0800d529   Thumb Code    10  fpinit.o(x$fpl$fpinit)
    __fplib_config_fpu_vfp                   0x0800d531   Thumb Code     0  fpinit.o(x$fpl$fpinit)
    __fplib_config_pureend_doubles           0x0800d531   Thumb Code     0  fpinit.o(x$fpl$fpinit)
    help                                     0x0800d532   Data         606  chshell_gpio.o(.constdata)
    GLCD_Font_6x8                            0x0800f010   Data          16  glcd_fonts.o(.constdata)
    GLCD_Font_16x24                          0x0800f020   Data          16  glcd_fonts.o(.constdata)
    os_maxtaskrun                            0x0800f030   Data           2  rtx_conf_cm.o(.constdata)
    os_stackinfo                             0x0800f034   Data           4  rtx_conf_cm.o(.constdata)
    os_rrobin                                0x0800f038   Data           4  rtx_conf_cm.o(.constdata)
    os_tickfreq                              0x0800f03c   Data           4  rtx_conf_cm.o(.constdata)
    os_tickus_i                              0x0800f040   Data           2  rtx_conf_cm.o(.constdata)
    os_tickus_f                              0x0800f042   Data           2  rtx_conf_cm.o(.constdata)
    os_trv                                   0x0800f044   Data           4  rtx_conf_cm.o(.constdata)
    os_flags                                 0x0800f048   Data           1  rtx_conf_cm.o(.constdata)
    CMSIS_RTOS_API_Version                   0x0800f04c   Data           4  rtx_conf_cm.o(.constdata)
    CMSIS_RTOS_RTX_Version                   0x0800f050   Data           4  rtx_conf_cm.o(.constdata)
    os_clockrate                             0x0800f054   Data           4  rtx_conf_cm.o(.constdata)
    os_timernum                              0x0800f058   Data           4  rtx_conf_cm.o(.constdata)
    mp_tcb_size                              0x0800f05c   Data           2  rtx_conf_cm.o(.constdata)
    mp_stk_size                              0x0800f060   Data           4  rtx_conf_cm.o(.constdata)
    os_stack_sz                              0x0800f064   Data           4  rtx_conf_cm.o(.constdata)
    os_fifo_size                             0x0800f068   Data           1  rtx_conf_cm.o(.constdata)
    os_thread_def_osTimerThread              0x0800f06c   Data          16  rtx_conf_cm.o(.constdata)
    os_messageQ_def_osTimerMessageQ          0x0800f07c   Data           8  rtx_conf_cm.o(.constdata)
    mp_tmr_size                              0x0800f084   Data           2  rtx_conf_cm.o(.constdata)
    Driver_USBH0                             0x0800f090   Data          72  usbh_fs_stm32f7xx.o(.constdata)
    Driver_USBH1                             0x0800f0e0   Data          72  usbh_hs_stm32f7xx.o(.constdata)
    __stdin_name                             0x0800f128   Data           7  retarget_io.o(.constdata)
    __stdout_name                            0x0800f12f   Data           8  retarget_io.o(.constdata)
    __stderr_name                            0x0800f137   Data           8  retarget_io.o(.constdata)
    APBAHBPrescTable                         0x0800f13f   Data          16  stm32f7xx_hal_rcc.o(.constdata)
    usbh0_pipe_num                           0x0800f150   Data           4  usbh_config_0.o(.constdata)
    usbh0_transfer_num                       0x0800f154   Data           4  usbh_config_0.o(.constdata)
    usbh0_mem_pool_reloc                     0x0800f158   Data           1  usbh_config_0.o(.constdata)
    usbh0_mem_pool_size                      0x0800f15c   Data           4  usbh_config_0.o(.constdata)
    usbh0_hc                                 0x0800f160   Data           2  usbh_config_0.o(.constdata)
    os_thread_def_USBH0_Core_Thread          0x0800f164   Data          16  usbh_config_0.o(.constdata)
    usbh1_pipe_num                           0x0800f174   Data           4  usbh_config_1.o(.constdata)
    usbh1_transfer_num                       0x0800f178   Data           4  usbh_config_1.o(.constdata)
    usbh1_mem_pool_reloc                     0x0800f17c   Data           1  usbh_config_1.o(.constdata)
    usbh1_mem_pool_size                      0x0800f180   Data           4  usbh_config_1.o(.constdata)
    usbh1_hc                                 0x0800f184   Data           2  usbh_config_1.o(.constdata)
    os_thread_def_USBH1_Core_Thread          0x0800f188   Data          16  usbh_config_1.o(.constdata)
    usbh_hc_num                              0x0800f198   Data           1  usbh_config_1.o(.constdata)
    usbh_hc_msk                              0x0800f199   Data           1  usbh_config_1.o(.constdata)
    usbh_dcd_num                             0x0800f19a   Data           1  usbh_config_1.o(.constdata)
    usbh_dev_num                             0x0800f19b   Data           1  usbh_config_1.o(.constdata)
    usbh_msc_num                             0x0800f19c   Data           1  usbh_config_1.o(.constdata)
    usbh_hid_num                             0x0800f19d   Data           1  usbh_config_1.o(.constdata)
    usbh_cdc_num                             0x0800f19e   Data           1  usbh_config_1.o(.constdata)
    usbh_cls_num                             0x0800f19f   Data           1  usbh_config_1.o(.constdata)
    usbh_hcd_ptr                             0x0800f1a0   Data           8  usbh_config_1.o(.constdata)
    usbh_hci_hcd_ptr                         0x0800f1a8   Data           8  usbh_config_1.o(.constdata)
    usbh_hc_ptr                              0x0800f1b0   Data           8  usbh_config_1.o(.constdata)
    usbh_ohci_ptr                            0x0800f1b8   Data           8  usbh_config_1.o(.constdata)
    usbh_ehci_ptr                            0x0800f1c0   Data           8  usbh_config_1.o(.constdata)
    usbh_mem_pool_reloc_ptr                  0x0800f1c8   Data           8  usbh_config_1.o(.constdata)
    usbh_mem_pool_ptr                        0x0800f1d0   Data           8  usbh_config_1.o(.constdata)
    usbh_mem_pool_size_ptr                   0x0800f1d8   Data           8  usbh_config_1.o(.constdata)
    usbh_pipe_tid_ptr                        0x0800f1e0   Data           8  usbh_config_1.o(.constdata)
    usbh_pipe_ptr                            0x0800f1e8   Data           8  usbh_config_1.o(.constdata)
    usbh_pipe_num_ptr                        0x0800f1f0   Data           8  usbh_config_1.o(.constdata)
    usbh_transfer_num_ptr                    0x0800f1f8   Data           8  usbh_config_1.o(.constdata)
    usbh_core_thread_def_ptr                 0x0800f200   Data           8  usbh_config_1.o(.constdata)
    usbh_debounce_in_ms                      0x0800f208   Data           4  usbh_config_1.o(.constdata)
    os_semaphore_def_usbh0_driver_semaphore_def 0x0800f20c   Data           4  usbh_config_1.o(.constdata)
    os_semaphore_def_usbh1_driver_semaphore_def 0x0800f210   Data           4  usbh_config_1.o(.constdata)
    usbh_driver_semaphore_def_ptr            0x0800f214   Data           8  usbh_config_1.o(.constdata)
    os_timer_def_USBH_DebounceTimer0         0x0800f21c   Data           8  usbh_config_1.o(.constdata)
    os_timer_def_USBH_DebounceTimer1         0x0800f224   Data           8  usbh_config_1.o(.constdata)
    usbh_debounce_timer_def_ptr              0x0800f22c   Data           8  usbh_config_1.o(.constdata)
    usbh_cb_port_event_ptr                   0x0800f234   Data           8  usbh_config_1.o(.constdata)
    usbh_cb_pipe_event_ptr                   0x0800f23c   Data           8  usbh_config_1.o(.constdata)
    os_thread_def_USBH_HID_IntIn_Thread      0x0800f244   Data          16  usbh_config_1.o(.constdata)
    usbh_hid_int_in_thread_def_ptr           0x0800f254   Data           4  usbh_config_1.o(.constdata)
    HID_KEYBOARD_ID_TO_ASCII                 0x0800f258   Data         256  usbh_hid_idtoascii.o(.constdata)
    HID_KEYBOARD_ALT_ID_TO_ASCII             0x0800f358   Data          57  usbh_hid_idtoascii.o(.constdata)
    Region$$Table$$Base                      0x0800f7dc   Number         0  anon$$obj.o(Region$$Table)
    Region$$Table$$Limit                     0x0800f7fc   Number         0  anon$$obj.o(Region$$Table)
    __ctype                                  0x0800f809   Data           0  lc_ctype_c.o(locale$$data)
    optarg                                   0x20010000   Data           4  getopt.o(.data)
    optind                                   0x20010004   Data           4  getopt.o(.data)
    opterr                                   0x2001000c   Data           4  getopt.o(.data)
    optopt                                   0x20010010   Data           4  getopt.o(.data)
    ch_cmd                                   0x2001002c   Data          40  chshell_core.o(.data)
    gpioPortDefineList                       0x20010054   Data          16  chshell_gpio.o(.data)
    gpioPortList                             0x20010064   Data          16  chshell_gpio.o(.data)
    gpioPortCount                            0x20010074   Data           4  chshell_gpio.o(.data)
    gpioPinDefineList                        0x20010078   Data          34  chshell_gpio.o(.data)
    gpioPinList                              0x2001009c   Data          68  chshell_gpio.o(.data)
    gpioPinCount                             0x200100e0   Data           4  chshell_gpio.o(.data)
    gpioDirDefineList                        0x200100e4   Data          24  chshell_gpio.o(.data)
    gpioDirList                              0x200100fc   Data          24  chshell_gpio.o(.data)
    gpioDirCount                             0x20010114   Data           4  chshell_gpio.o(.data)
    gpioPuPdDefineList                       0x20010118   Data          12  chshell_gpio.o(.data)
    gpioPuPdList                             0x20010124   Data          12  chshell_gpio.o(.data)
    gpioPuPdCount                            0x20010130   Data           4  chshell_gpio.o(.data)
    gpioSpeedDefineList                      0x20010134   Data          16  chshell_gpio.o(.data)
    gpioSpeedList                            0x20010144   Data          16  chshell_gpio.o(.data)
    gpioSpeedCount                           0x20010154   Data           4  chshell_gpio.o(.data)
    color_def                                0x2001021c   Data          60  chshell_system.o(.data)
    color                                    0x20010258   Data          60  chshell_system.o(.data)
    adc                                      0x20010294   Data           4  chshell_adc.o(.data)
    channel                                  0x20010298   Data           1  chshell_adc.o(.data)
    adc_channel_list                         0x20010299   Data          19  chshell_adc.o(.data)
    adc_channel_name                         0x200102ac   Data          76  chshell_adc.o(.data)
    adc_list                                 0x200102f8   Data          12  chshell_adc.o(.data)
    adc_name_list                            0x20010304   Data          12  chshell_adc.o(.data)
    adc_flag                                 0x20010310   Data           4  chshell_adc.o(.data)
    osThreadId_osTimerThread                 0x20010360   Data           4  rtx_conf_cm.o(.data)
    osMessageQId_osTimerMessageQ             0x20010364   Data           4  rtx_conf_cm.o(.data)
    os_tmr                                   0x20010368   Data           4  rtx_conf_cm.o(.data)
    m_tmr                                    0x2001036c   Data           4  rtx_conf_cm.o(.data)
    os_thread_def_main                       0x20010374   Data          16  rtx_conf_cm.o(.data)
    otg_fs_role                              0x20010384   Data           1  otg_fs_stm32f7xx.o(.data)
    otg_hs_role                              0x20010385   Data           1  otg_hs_stm32f7xx.o(.data)
    SystemCoreClock                          0x20010400   Data           4  system_stm32f7xx.o(.data)
    usbh0_hcd_ptr                            0x20010404   Data           4  usbh_config_0.o(.data)
    usbh0_hci_hcd_ptr                        0x20010408   Data           4  usbh_config_0.o(.data)
    usbh0_hc_ptr                             0x2001040c   Data           4  usbh_config_0.o(.data)
    usbh0_ohci_ptr                           0x20010410   Data           4  usbh_config_0.o(.data)
    usbh0_ehci_ptr                           0x20010414   Data           4  usbh_config_0.o(.data)
    usbh1_hcd_ptr                            0x20010418   Data           4  usbh_config_1.o(.data)
    usbh1_hci_hcd_ptr                        0x2001041c   Data           4  usbh_config_1.o(.data)
    usbh1_hc_ptr                             0x20010420   Data           4  usbh_config_1.o(.data)
    usbh1_ohci_ptr                           0x20010424   Data           4  usbh_config_1.o(.data)
    usbh1_ehci_ptr                           0x20010428   Data           4  usbh_config_1.o(.data)
    usbh_core_thread_id                      0x2001042c   Data           8  usbh_config_1.o(.data)
    usbh_driver_semaphore_id                 0x20010434   Data           8  usbh_config_1.o(.data)
    os_semaphore_cb_usbh0_driver_semaphore_def 0x2001043c   Data           8  usbh_config_1.o(.data)
    os_semaphore_cb_usbh1_driver_semaphore_def 0x20010444   Data           8  usbh_config_1.o(.data)
    usbh_debounce_timer_id                   0x2001044c   Data           8  usbh_config_1.o(.data)
    usbh_drv_version                         0x20010454   Data           8  usbh_config_1.o(.data)
    usbh_capabilities                        0x2001045c   Data           8  usbh_config_1.o(.data)
    os_initialized                           0x20010464   Data           1  rt_cmsis.o(.data)
    os_running                               0x20010465   Data           1  rt_cmsis.o(.data)
    os_timer_head                            0x20010468   Data           4  rt_cmsis.o(.data)
    os_tsk                                   0x2001046c   Data           8  rt_task.o(.data)
    os_time                                  0x20010474   Data           4  rt_time.o(.data)
    os_tick_irqn                             0x2001047c   Data           4  rt_system.o(.data)
    os_robin                                 0x20010480   Data           8  rt_robin.o(.data)
    dbg_msg                                  0x20010488   Data           1  hal_cm.o(.data)
    __aeabi_stdin                            0x2001048c   Data           4  stdio_streams.o(.data)
    __aeabi_stdout                           0x20010490   Data           4  stdio_streams.o(.data)
    __aeabi_stderr                           0x20010494   Data           4  stdio_streams.o(.data)
    _stream_list_lock                        0x2001049c   Data           4  streamlock.o(.data)
    AdcHandle                                0x200104a0   Data          68  tm_stm32_adc.o(.bss)
    mp_tcb                                   0x200106a8   Data         376  rtx_conf_cm.o(.bss)
    mp_stk                                   0x20010820   Data        2064  rtx_conf_cm.o(.bss)
    os_stack_mem                             0x20011030   Data        3336  rtx_conf_cm.o(.bss)
    os_fifo                                  0x20011d38   Data         132  rtx_conf_cm.o(.bss)
    os_active_TCB                            0x20011dbc   Data          28  rtx_conf_cm.o(.bss)
    os_messageQ_q_osTimerMessageQ            0x20011dd8   Data          32  rtx_conf_cm.o(.bss)
    usbh0_pipe                               0x20012498   Data          72  usbh_config_0.o(.bss)
    usbh0_pipe_tid                           0x200124e0   Data          24  usbh_config_0.o(.bss)
    usbh0_mem_pool                           0x200124f8   Data         564  usbh_config_0.o(.bss)
    usbh1_pipe                               0x2001272c   Data          72  usbh_config_1.o(.bss)
    usbh1_pipe_tid                           0x20012774   Data          24  usbh_config_1.o(.bss)
    usbh1_mem_pool                           0x2001278c   Data         564  usbh_config_1.o(.bss)
    os_timer_cb_USBH_DebounceTimer0          0x200129c0   Data          24  usbh_config_1.o(.bss)
    os_timer_cb_USBH_DebounceTimer1          0x200129d8   Data          24  usbh_config_1.o(.bss)
    usbh_hci                                 0x200129f0   Data         192  usbh_config_1.o(.bss)
    usbh_dev                                 0x20012ab0   Data          20  usbh_config_1.o(.bss)
    usbh_hid                                 0x20012ac4   Data          52  usbh_config_1.o(.bss)
    os_idle_TCB                              0x20012af8   Data          52  rt_task.o(.bss)
    os_rdy                                   0x20012b2c   Data          24  rt_list.o(.bss)
    os_dly                                   0x20012b44   Data          24  rt_list.o(.bss)
    __libspace_start                         0x20012b5c   Data          96  libspace.o(.bss)
    __stdin                                  0x20012bbc   Data          84  stdio_streams.o(.bss)
    __temporary_stack_top$libspace           0x20012bbc   Data           0  libspace.o(.bss)
    __stdout                                 0x20012c10   Data          84  stdio_streams.o(.bss)
    __stderr                                 0x20012c64   Data          84  stdio_streams.o(.bss)



==============================================================================

Memory Map of the image

  Image Entry point : 0x080001c9

  Load Region LR_IROM1 (Base: 0x08000000, Size: 0x0000fdac, Max: 0x00100000, ABSOLUTE, COMPRESSED[0x0000fb4c])

    Execution Region ER_IROM1 (Base: 0x08000000, Size: 0x0000f90c, Max: 0x00100000, ABSOLUTE)

    Base Addr    Size         Type   Attr      Idx    E Section Name        Object

    0x08000000   0x000001c8   Data   RO         3269    RESET               startup_stm32f746xx.o
    0x080001c8   0x00000008   Code   RO         5025  * !!!main             c_w.l(__main.o)
    0x080001d0   0x00000034   Code   RO         5410    !!!scatter          c_w.l(__scatter.o)
    0x08000204   0x0000005a   Code   RO         5408    !!dczerorl2         c_w.l(__dczerorl2.o)
    0x0800025e   0x00000002   PAD
    0x08000260   0x0000001c   Code   RO         5412    !!handler_zi        c_w.l(__scatter_zi.o)
    0x0800027c   0x00000000   Code   RO         4991    .ARM.Collect$$_printf_percent$$00000000  c_w.l(_printf_percent.o)
    0x0800027c   0x00000006   Code   RO         4990    .ARM.Collect$$_printf_percent$$00000009  c_w.l(_printf_d.o)
    0x08000282   0x00000006   Code   RO         4989    .ARM.Collect$$_printf_percent$$0000000C  c_w.l(_printf_x.o)
    0x08000288   0x00000006   Code   RO         4987    .ARM.Collect$$_printf_percent$$00000013  c_w.l(_printf_c.o)
    0x0800028e   0x00000006   Code   RO         4988    .ARM.Collect$$_printf_percent$$00000014  c_w.l(_printf_s.o)
    0x08000294   0x00000004   Code   RO         5058    .ARM.Collect$$_printf_percent$$00000017  c_w.l(_printf_percent_end.o)
    0x08000298   0x00000002   Code   RO         5335    .ARM.Collect$$libinit$$00000000  c_w.l(libinit.o)
    0x0800029a   0x00000004   Code   RO         5193    .ARM.Collect$$libinit$$00000001  c_w.l(libinit2.o)
    0x0800029e   0x00000000   Code   RO         5196    .ARM.Collect$$libinit$$00000004  c_w.l(libinit2.o)
    0x0800029e   0x00000008   Code   RO         5197    .ARM.Collect$$libinit$$00000005  c_w.l(libinit2.o)
    0x080002a6   0x00000000   Code   RO         5199    .ARM.Collect$$libinit$$0000000A  c_w.l(libinit2.o)
    0x080002a6   0x00000000   Code   RO         5201    .ARM.Collect$$libinit$$0000000C  c_w.l(libinit2.o)
    0x080002a6   0x00000000   Code   RO         5203    .ARM.Collect$$libinit$$0000000E  c_w.l(libinit2.o)
    0x080002a6   0x00000006   Code   RO         5204    .ARM.Collect$$libinit$$0000000F  c_w.l(libinit2.o)
    0x080002ac   0x00000000   Code   RO         5206    .ARM.Collect$$libinit$$00000011  c_w.l(libinit2.o)
    0x080002ac   0x0000000c   Code   RO         5207    .ARM.Collect$$libinit$$00000012  c_w.l(libinit2.o)
    0x080002b8   0x00000000   Code   RO         5208    .ARM.Collect$$libinit$$00000013  c_w.l(libinit2.o)
    0x080002b8   0x00000000   Code   RO         5210    .ARM.Collect$$libinit$$00000015  c_w.l(libinit2.o)
    0x080002b8   0x00000000   Code   RO         5212    .ARM.Collect$$libinit$$00000017  c_w.l(libinit2.o)
    0x080002b8   0x00000000   Code   RO         5214    .ARM.Collect$$libinit$$00000019  c_w.l(libinit2.o)
    0x080002b8   0x00000000   Code   RO         5216    .ARM.Collect$$libinit$$0000001B  c_w.l(libinit2.o)
    0x080002b8   0x00000000   Code   RO         5218    .ARM.Collect$$libinit$$0000001D  c_w.l(libinit2.o)
    0x080002b8   0x00000000   Code   RO         5220    .ARM.Collect$$libinit$$0000001F  c_w.l(libinit2.o)
    0x080002b8   0x00000000   Code   RO         5222    .ARM.Collect$$libinit$$00000021  c_w.l(libinit2.o)
    0x080002b8   0x00000000   Code   RO         5224    .ARM.Collect$$libinit$$00000023  c_w.l(libinit2.o)
    0x080002b8   0x00000004   Code   RO         5225    .ARM.Collect$$libinit$$00000024  c_w.l(libinit2.o)
    0x080002bc   0x00000000   Code   RO         5226    .ARM.Collect$$libinit$$00000025  c_w.l(libinit2.o)
    0x080002bc   0x00000000   Code   RO         5230    .ARM.Collect$$libinit$$0000002C  c_w.l(libinit2.o)
    0x080002bc   0x00000000   Code   RO         5232    .ARM.Collect$$libinit$$0000002E  c_w.l(libinit2.o)
    0x080002bc   0x00000000   Code   RO         5234    .ARM.Collect$$libinit$$00000030  c_w.l(libinit2.o)
    0x080002bc   0x00000000   Code   RO         5236    .ARM.Collect$$libinit$$00000032  c_w.l(libinit2.o)
    0x080002bc   0x00000002   Code   RO         5237    .ARM.Collect$$libinit$$00000033  c_w.l(libinit2.o)
    0x080002be   0x00000002   Code   RO         5336    .ARM.Collect$$libshutdown$$00000000  c_w.l(libshutdown.o)
    0x080002c0   0x00000000   Code   RO         5239    .ARM.Collect$$libshutdown$$00000002  c_w.l(libshutdown2.o)
    0x080002c0   0x00000004   Code   RO         5240    .ARM.Collect$$libshutdown$$00000003  c_w.l(libshutdown2.o)
    0x080002c4   0x00000000   Code   RO         5241    .ARM.Collect$$libshutdown$$00000004  c_w.l(libshutdown2.o)
    0x080002c4   0x00000000   Code   RO         5244    .ARM.Collect$$libshutdown$$00000007  c_w.l(libshutdown2.o)
    0x080002c4   0x00000000   Code   RO         5247    .ARM.Collect$$libshutdown$$0000000A  c_w.l(libshutdown2.o)
    0x080002c4   0x00000000   Code   RO         5249    .ARM.Collect$$libshutdown$$0000000C  c_w.l(libshutdown2.o)
    0x080002c4   0x00000000   Code   RO         5252    .ARM.Collect$$libshutdown$$0000000F  c_w.l(libshutdown2.o)
    0x080002c4   0x00000002   Code   RO         5253    .ARM.Collect$$libshutdown$$00000010  c_w.l(libshutdown2.o)
    0x080002c6   0x00000000   Code   RO         5027    .ARM.Collect$$rtentry$$00000000  c_w.l(__rtentry.o)
    0x080002c6   0x00000000   Code   RO         5083    .ARM.Collect$$rtentry$$00000002  c_w.l(__rtentry2.o)
    0x080002c6   0x00000006   Code   RO         5095    .ARM.Collect$$rtentry$$00000004  c_w.l(__rtentry4.o)
    0x080002cc   0x00000000   Code   RO         5085    .ARM.Collect$$rtentry$$00000009  c_w.l(__rtentry2.o)
    0x080002cc   0x00000004   Code   RO         5086    .ARM.Collect$$rtentry$$0000000A  c_w.l(__rtentry2.o)
    0x080002d0   0x00000008   Code   RO         5087    .ARM.Collect$$rtentry$$0000000B  c_w.l(__rtentry2.o)
    0x080002d8   0x00000008   Code   RO         5089    .ARM.Collect$$rtentry$$0000000D  c_w.l(__rtentry2.o)
    0x080002e0   0x00000002   Code   RO         5028    .ARM.Collect$$rtexit$$00000000  c_w.l(rtexit.o)
    0x080002e2   0x00000000   Code   RO         5098    .ARM.Collect$$rtexit$$00000002  c_w.l(rtexit2.o)
    0x080002e2   0x00000004   Code   RO         5099    .ARM.Collect$$rtexit$$00000003  c_w.l(rtexit2.o)
    0x080002e6   0x00000006   Code   RO         5100    .ARM.Collect$$rtexit$$00000004  c_w.l(rtexit2.o)
    0x080002ec   0x0000001c   Code   RO         1131    .emb_text           rtx_conf_cm.o
    0x08000308   0x00000198   Code   RO         4871    .emb_text           RTX_CM4.lib(hal_cm4.o)
    0x080004a0   0x00000000   Code   RO         5342    .emb_text           c_w.l(maybetermalloc1.o)
    0x080004a0   0x00000040   Code   RO         3270    .text               startup_stm32f746xx.o
    0x080004e0   0x00000008   Code   RO         4921    .text               c_w.l(libspace.o)
    0x080004e8   0x00000010   Code   RO         4924    .text               c_w.l(rt_ctype_table.o)
    0x080004f8   0x000000ee   Code   RO         4926    .text               c_w.l(lludivv7m.o)
    0x080005e6   0x00000002   PAD
    0x080005e8   0x00000018   Code   RO         4934    .text               c_w.l(noretval__2printf.o)
    0x08000600   0x00000014   Code   RO         4936    .text               c_w.l(noretval__2fprintf.o)
    0x08000614   0x00000028   Code   RO         4938    .text               c_w.l(noretval__2sprintf.o)
    0x0800063c   0x00000068   Code   RO         4940    .text               c_w.l(__printf.o)
    0x080006a4   0x00000052   Code   RO         4942    .text               c_w.l(_printf_str.o)
    0x080006f6   0x00000002   PAD
    0x080006f8   0x00000078   Code   RO         4944    .text               c_w.l(_printf_dec.o)
    0x08000770   0x00000058   Code   RO         4949    .text               c_w.l(_printf_hex_int.o)
    0x080007c8   0x0000001a   Code   RO         4992    .text               c_w.l(atoi.o)
    0x080007e2   0x00000004   Code   RO         4994    .text               c_w.l(getc.o)
    0x080007e6   0x00000004   Code   RO         4996    .text               c_w.l(putc.o)
    0x080007ea   0x00000012   Code   RO         5004    .text               c_w.l(exit.o)
    0x080007fc   0x0000000c   Code   RO         5006    .text               c_w.l(strtok.o)
    0x08000808   0x00000058   Code   RO         5009    .text               c_w.l(memcmp.o)
    0x08000860   0x0000003e   Code   RO         5011    .text               c_w.l(strlen.o)
    0x0800089e   0x00000096   Code   RO         5013    .text               c_w.l(strncmp.o)
    0x08000934   0x0000008a   Code   RO         5015    .text               c_w.l(rt_memcpy_v6.o)
    0x080009be   0x00000064   Code   RO         5017    .text               c_w.l(rt_memcpy_w.o)
    0x08000a22   0x0000004e   Code   RO         5019    .text               c_w.l(rt_memclr_w.o)
    0x08000a70   0x00000068   Code   RO         5021    .text               c_w.l(strcmpv7m_pel.o)
    0x08000ad8   0x00000006   Code   RO         5023    .text               c_w.l(heapauxi.o)
    0x08000ade   0x0000000a   Code   RO         5039    .text               c_w.l(rt_locale_twolibspace.o)
    0x08000ae8   0x00000004   Code   RO         5046    .text               c_w.l(rt_errno_addr_twolibspace.o)
    0x08000aec   0x000000b2   Code   RO         5048    .text               c_w.l(_printf_intcommon.o)
    0x08000b9e   0x00000002   PAD
    0x08000ba0   0x00000030   Code   RO         5050    .text               c_w.l(_printf_char_common.o)
    0x08000bd0   0x0000000a   Code   RO         5052    .text               c_w.l(_sputc.o)
    0x08000bda   0x0000002c   Code   RO         5054    .text               c_w.l(_printf_char.o)
    0x08000c06   0x00000070   Code   RO         5059    .text               c_w.l(strtol.o)
    0x08000c76   0x00000020   Code   RO         5071    .text               c_w.l(fgetc_locked.o)
    0x08000c96   0x00000024   Code   RO         5073    .text               c_w.l(fputc_locked.o)
    0x08000cba   0x00000002   PAD
    0x08000cbc   0x000001c8   Code   RO         5075    .text               c_w.l(initio_locked.o)
    0x08000e84   0x00000044   Code   RO         5080    .text               c_w.l(strtok_int.o)
    0x08000ec8   0x00000076   Code   RO         5110    .text               c_w.l(h1_free_mt.o)
    0x08000f3e   0x0000009e   Code   RO         5164    .text               c_w.l(_strtoul.o)
    0x08000fdc   0x0000023a   Code   RO         5168    .text               c_w.l(filbuf.o)
    0x08001216   0x000001d6   Code   RO         5170    .text               c_w.l(flsbuf.o)
    0x080013ec   0x0000004c   Code   RO         5177    .text               c_w.l(fclose.o)
    0x08001438   0x00000068   Code   RO         5181    .text               c_w.l(setvbuf_locked.o)
    0x080014a0   0x00000144   Code   RO         5183    .text               c_w.l(fopen_locked.o)
    0x080015e4   0x0000000e   Code   RO         5185    .text               c_w.l(defsig_rtred_outer.o)
    0x080015f2   0x00000020   Code   RO         5189    .text               c_w.l(strcspn.o)
    0x08001612   0x0000001c   Code   RO         5191    .text               c_w.l(strspn.o)
    0x0800162e   0x00000002   PAD
    0x08001630   0x0000000c   Code   RO         5258    .text               c_w.l(sys_exit.o)
    0x0800163c   0x0000004a   Code   RO         5260    .text               c_w.l(sys_stackheap_outer.o)
    0x08001686   0x0000000a   Code   RO         5269    .text               c_w.l(rt_heap_descriptor_twolibspace.o)
    0x08001690   0x00000004   Code   RO         5271    .text               c_w.l(hguard.o)
    0x08001694   0x0000008a   Code   RO         5273    .text               c_w.l(init_alloc.o)
    0x0800171e   0x0000009e   Code   RO         5281    .text               c_w.l(h1_alloc_mt.o)
    0x080017bc   0x00000040   Code   RO         5293    .text               c_w.l(_printf_char_file_locked.o)
    0x080017fc   0x0000001c   Code   RO         5295    .text               c_w.l(_chval.o)
    0x08001818   0x000000f8   Code   RO         5297    .text               c_w.l(fseek.o)
    0x08001910   0x000000f0   Code   RO         5299    .text               c_w.l(stdio.o)
    0x08001a00   0x0000005c   Code   RO         5315    .text               c_w.l(flushlinebuffered_locked.o)
    0x08001a5c   0x0000000a   Code   RO         5317    .text               c_w.l(defsig_exit.o)
    0x08001a66   0x00000002   PAD
    0x08001a68   0x00000034   Code   RO         5323    .text               c_w.l(defsig_rtred_inner.o)
    0x08001a9c   0x00000002   Code   RO         5339    .text               c_w.l(use_no_semi.o)
    0x08001a9e   0x00000000   Code   RO         5341    .text               c_w.l(indicate_semi.o)
    0x08001a9e   0x00000012   Code   RO         5348    .text               c_w.l(h1_init_mt.o)
    0x08001ab0   0x0000003e   Code   RO         5350    .text               c_w.l(h1_extend_mt.o)
    0x08001aee   0x00000042   Code   RO         5356    .text               c_w.l(ftell.o)
    0x08001b30   0x00000090   Code   RO         5360    .text               c_w.l(fflush_locked.o)
    0x08001bc0   0x00000032   Code   RO         5364    .text               c_w.l(defsig_general.o)
    0x08001bf2   0x0000000e   Code   RO         5368    .text               c_w.l(defsig_rtmem_outer.o)
    0x08001c00   0x00000050   Code   RO         5387    .text               c_w.l(defsig_rtmem_inner.o)
    0x08001c50   0x00000004   Code   RO         4914    SVC_TABLE           RTX_CM4.lib(svc_table.o)
    0x08001c54   0x00000178   Code   RO         1856    i.ADC_Init          stm32f7xx_hal_adc.o
    0x08001dcc   0x0000008c   Code   RO          913    i.BSP_SDRAM_Init    stm32746g_discovery_sdram.o
    0x08001e58   0x00000098   Code   RO          914    i.BSP_SDRAM_Initialization_sequence  stm32746g_discovery_sdram.o
    0x08001ef0   0x000001c8   Code   RO          916    i.BSP_SDRAM_MspInit  stm32746g_discovery_sdram.o
    0x080020b8   0x00000068   Code   RO           92    i.CPU_CACHE_Enable  main.o
    0x08002120   0x00000028   Code   RO         4239    i.CheckController   USB_CM3_L.lib(usbh_core.o)
    0x08002148   0x00000040   Code   RO         4397    i.CheckInstance     USB_CM3_L.lib(usbh_hid.o)
    0x08002188   0x0000001c   Code   RO          676    i.EXTI0_IRQHandler  tm_stm32_exti.o
    0x080021a4   0x0000008c   Code   RO          677    i.EXTI15_10_IRQHandler  tm_stm32_exti.o
    0x08002230   0x0000001c   Code   RO          678    i.EXTI1_IRQHandler  tm_stm32_exti.o
    0x0800224c   0x0000001c   Code   RO          679    i.EXTI2_IRQHandler  tm_stm32_exti.o
    0x08002268   0x0000001c   Code   RO          680    i.EXTI3_IRQHandler  tm_stm32_exti.o
    0x08002284   0x0000001c   Code   RO          681    i.EXTI4_IRQHandler  tm_stm32_exti.o
    0x080022a0   0x00000070   Code   RO          682    i.EXTI9_5_IRQHandler  tm_stm32_exti.o
    0x08002310   0x000001ac   Code   RO         1192    i.Enable_GPIO_Clock  otg_fs_stm32f7xx.o
    0x080024bc   0x000001ac   Code   RO         1266    i.Enable_GPIO_Clock  otg_hs_stm32f7xx.o
    0x08002668   0x00000004   Code   RO           93    i.Error_Handler     main.o
    0x0800266c   0x00000074   Code   RO         3135    i.FMC_SDRAM_Init    stm32f7xx_ll_fmc.o
    0x080026e0   0x0000000e   Code   RO         3136    i.FMC_SDRAM_ProgramRefreshRate  stm32f7xx_ll_fmc.o
    0x080026ee   0x00000056   Code   RO         3137    i.FMC_SDRAM_SendCommand  stm32f7xx_ll_fmc.o
    0x08002744   0x00000098   Code   RO         3139    i.FMC_SDRAM_Timing_Init  stm32f7xx_ll_fmc.o
    0x080027dc   0x00000024   Code   RO         1001    i.GLCD_ClearScreen  glcd_746g_discovery.o
    0x08002800   0x000000d8   Code   RO         1004    i.GLCD_DrawChar     glcd_746g_discovery.o
    0x080028d8   0x00000218   Code   RO         1012    i.GLCD_Initialize   glcd_746g_discovery.o
    0x08002af0   0x00000010   Code   RO         1013    i.GLCD_SetBackgroundColor  glcd_746g_discovery.o
    0x08002b00   0x00000010   Code   RO         1014    i.GLCD_SetFont      glcd_746g_discovery.o
    0x08002b10   0x00000010   Code   RO         1015    i.GLCD_SetForegroundColor  glcd_746g_discovery.o
    0x08002b20   0x00000044   Code   RO         1017    i.GLCD_VScroll      glcd_746g_discovery.o
    0x08002b64   0x00000194   Code   RO         1858    i.HAL_ADC_ConfigChannel  stm32f7xx_hal_adc.o
    0x08002cf8   0x00000008   Code   RO         1864    i.HAL_ADC_GetState  stm32f7xx_hal_adc.o
    0x08002d00   0x00000008   Code   RO         1865    i.HAL_ADC_GetValue  stm32f7xx_hal_adc.o
    0x08002d08   0x00000050   Code   RO         1867    i.HAL_ADC_Init      stm32f7xx_hal_adc.o
    0x08002d58   0x00000002   Code   RO         1870    i.HAL_ADC_MspInit   stm32f7xx_hal_adc.o
    0x08002d5a   0x00000082   Code   RO         1871    i.HAL_ADC_PollForConversion  stm32f7xx_hal_adc.o
    0x08002ddc   0x000000c8   Code   RO         1873    i.HAL_ADC_Start     stm32f7xx_hal_adc.o
    0x08002ea4   0x00000f64   Code   RO         2258    i.HAL_DMA_DeInit    stm32f7xx_hal_dma.o
    0x08003e08   0x0000007c   Code   RO         2262    i.HAL_DMA_Init      stm32f7xx_hal_dma.o
    0x08003e84   0x0000001a   Code   RO         1702    i.HAL_Delay         stm32f7xx_hal.o
    0x08003e9e   0x00000002   PAD
    0x08003ea0   0x00000180   Code   RO         2374    i.HAL_GPIO_DeInit   stm32f7xx_hal_gpio.o
    0x08004020   0x00000218   Code   RO         2377    i.HAL_GPIO_Init     stm32f7xx_hal_gpio.o
    0x08004238   0x0000002e   Code   RO         2378    i.HAL_GPIO_LockPin  stm32f7xx_hal_gpio.o
    0x08004266   0x00000010   Code   RO         2379    i.HAL_GPIO_ReadPin  stm32f7xx_hal_gpio.o
    0x08004276   0x00000008   Code   RO         2380    i.HAL_GPIO_TogglePin  stm32f7xx_hal_gpio.o
    0x0800427e   0x0000000c   Code   RO         2381    i.HAL_GPIO_WritePin  stm32f7xx_hal_gpio.o
    0x0800428a   0x00000002   PAD
    0x0800428c   0x00000010   Code   RO         1707    i.HAL_GetDEVID      stm32f7xx_hal.o
    0x0800429c   0x00000006   Code   RO         1708    i.HAL_GetHalVersion  stm32f7xx_hal.o
    0x080042a2   0x00000002   PAD
    0x080042a4   0x0000000c   Code   RO         1709    i.HAL_GetREVID      stm32f7xx_hal.o
    0x080042b0   0x0000000c   Code   RO           94    i.HAL_GetTick       main.o
    0x080042bc   0x00000028   Code   RO         1712    i.HAL_Init          stm32f7xx_hal.o
    0x080042e4   0x00000024   Code   RO         1713    i.HAL_InitTick      stm32f7xx_hal.o
    0x08004308   0x0000005e   Code   RO         2442    i.HAL_LTDC_ConfigLayer  stm32f7xx_hal_ltdc.o
    0x08004366   0x00000002   PAD
    0x08004368   0x00000128   Code   RO         2454    i.HAL_LTDC_Init     stm32f7xx_hal_ltdc.o
    0x08004490   0x00000002   Code   RO         2457    i.HAL_LTDC_MspInit  stm32f7xx_hal_ltdc.o
    0x08004492   0x00000002   PAD
    0x08004494   0x0000005c   Code   RO         2128    i.HAL_MPU_ConfigRegion  stm32f7xx_hal_cortex.o
    0x080044f0   0x00000002   Code   RO         1715    i.HAL_MspInit       stm32f7xx_hal.o
    0x080044f2   0x0000001a   Code   RO         2131    i.HAL_NVIC_EnableIRQ  stm32f7xx_hal_cortex.o
    0x0800450c   0x0000007c   Code   RO         2137    i.HAL_NVIC_SetPriority  stm32f7xx_hal_cortex.o
    0x08004588   0x00000028   Code   RO         2138    i.HAL_NVIC_SetPriorityGrouping  stm32f7xx_hal_cortex.o
    0x080045b0   0x00000044   Code   RO         2139    i.HAL_NVIC_SystemReset  stm32f7xx_hal_cortex.o
    0x080045f4   0x00000090   Code   RO         2737    i.HAL_PWREx_EnableOverDrive  stm32f7xx_hal_pwr_ex.o
    0x08004684   0x0000079c   Code   RO         2930    i.HAL_RCCEx_PeriphCLKConfig  stm32f7xx_hal_rcc_ex.o
    0x08004e20   0x00000268   Code   RO         2824    i.HAL_RCC_ClockConfig  stm32f7xx_hal_rcc.o
    0x08005088   0x00000038   Code   RO         2829    i.HAL_RCC_GetHCLKFreq  stm32f7xx_hal_rcc.o
    0x080050c0   0x000000b4   Code   RO         2833    i.HAL_RCC_GetSysClockFreq  stm32f7xx_hal_rcc.o
    0x08005174   0x00000554   Code   RO         2836    i.HAL_RCC_OscConfig  stm32f7xx_hal_rcc.o
    0x080056c8   0x00000040   Code   RO         2970    i.HAL_SDRAM_Init    stm32f7xx_hal_sdram.o
    0x08005708   0x00000002   Code   RO         2972    i.HAL_SDRAM_MspInit  stm32f7xx_hal_sdram.o
    0x0800570a   0x00000028   Code   RO         2973    i.HAL_SDRAM_ProgramRefreshRate  stm32f7xx_hal_sdram.o
    0x08005732   0x0000003a   Code   RO         2979    i.HAL_SDRAM_SendCommand  stm32f7xx_hal_sdram.o
    0x0800576c   0x00000034   Code   RO         2142    i.HAL_SYSTICK_Config  stm32f7xx_hal_cortex.o
    0x080057a0   0x00000212   Code   RO         2464    i.LTDC_SetConfig    stm32f7xx_hal_ltdc.o
    0x080059b2   0x00000002   PAD
    0x080059b4   0x00000084   Code   RO           95    i.MPU_Config        main.o
    0x08005a38   0x00000018   Code   RO         1325    i.NVIC_DisableIRQ   usbh_fs_stm32f7xx.o
    0x08005a50   0x00000018   Code   RO         1484    i.NVIC_DisableIRQ   usbh_hs_stm32f7xx.o
    0x08005a68   0x00000016   Code   RO         1326    i.NVIC_EnableIRQ    usbh_fs_stm32f7xx.o
    0x08005a7e   0x00000016   Code   RO         1485    i.NVIC_EnableIRQ    usbh_hs_stm32f7xx.o
    0x08005a94   0x00000010   Code   RO         2144    i.NVIC_GetPriorityGrouping  stm32f7xx_hal_cortex.o
    0x08005aa4   0x00000028   Code   RO         2145    i.NVIC_SetPriority  stm32f7xx_hal_cortex.o
    0x08005acc   0x0000001a   Code   RO         1193    i.OTG_FS_IRQHandler  otg_fs_stm32f7xx.o
    0x08005ae6   0x00000004   Code   RO         1194    i.OTG_FS_PinGetOC   otg_fs_stm32f7xx.o
    0x08005aea   0x00000002   PAD
    0x08005aec   0x00000024   Code   RO         1195    i.OTG_FS_PinVbusOnOff  otg_fs_stm32f7xx.o
    0x08005b10   0x000000f8   Code   RO         1196    i.OTG_FS_PinsConfigure  otg_fs_stm32f7xx.o
    0x08005c08   0x00000078   Code   RO         1197    i.OTG_FS_PinsUnconfigure  otg_fs_stm32f7xx.o
    0x08005c80   0x0000001c   Code   RO         1267    i.OTG_HS_IRQHandler  otg_hs_stm32f7xx.o
    0x08005c9c   0x00000004   Code   RO         1268    i.OTG_HS_PinGetOC   otg_hs_stm32f7xx.o
    0x08005ca0   0x00000002   Code   RO         1269    i.OTG_HS_PinVbusOnOff  otg_hs_stm32f7xx.o
    0x08005ca2   0x00000002   PAD
    0x08005ca4   0x000001d4   Code   RO         1270    i.OTG_HS_PinsConfigure  otg_hs_stm32f7xx.o
    0x08005e78   0x00000094   Code   RO         1271    i.OTG_HS_PinsUnconfigure  otg_hs_stm32f7xx.o
    0x08005f0c   0x0000009c   Code   RO           96    i.SCB_EnableDCache  main.o
    0x08005fa8   0x0000006a   Code   RO           97    i.SystemClock_Config  main.o
    0x08006012   0x00000002   PAD
    0x08006014   0x00000064   Code   RO         3278    i.SystemInit        system_stm32f7xx.o
    0x08006078   0x00000014   Code   RO          521    i.TM_ADC_INT_Channel_0_Init  tm_stm32_adc.o
    0x0800608c   0x00000014   Code   RO          522    i.TM_ADC_INT_Channel_10_Init  tm_stm32_adc.o
    0x080060a0   0x00000014   Code   RO          523    i.TM_ADC_INT_Channel_11_Init  tm_stm32_adc.o
    0x080060b4   0x00000014   Code   RO          524    i.TM_ADC_INT_Channel_12_Init  tm_stm32_adc.o
    0x080060c8   0x00000014   Code   RO          525    i.TM_ADC_INT_Channel_13_Init  tm_stm32_adc.o
    0x080060dc   0x0000003c   Code   RO          526    i.TM_ADC_INT_Channel_14_Init  tm_stm32_adc.o
    0x08006118   0x0000003c   Code   RO          527    i.TM_ADC_INT_Channel_15_Init  tm_stm32_adc.o
    0x08006154   0x00000014   Code   RO          528    i.TM_ADC_INT_Channel_1_Init  tm_stm32_adc.o
    0x08006168   0x00000014   Code   RO          529    i.TM_ADC_INT_Channel_2_Init  tm_stm32_adc.o
    0x0800617c   0x00000014   Code   RO          530    i.TM_ADC_INT_Channel_3_Init  tm_stm32_adc.o
    0x08006190   0x0000003c   Code   RO          531    i.TM_ADC_INT_Channel_4_Init  tm_stm32_adc.o
    0x080061cc   0x0000003c   Code   RO          532    i.TM_ADC_INT_Channel_5_Init  tm_stm32_adc.o
    0x08006208   0x0000003c   Code   RO          533    i.TM_ADC_INT_Channel_6_Init  tm_stm32_adc.o
    0x08006244   0x0000003c   Code   RO          534    i.TM_ADC_INT_Channel_7_Init  tm_stm32_adc.o
    0x08006280   0x0000003c   Code   RO          535    i.TM_ADC_INT_Channel_8_Init  tm_stm32_adc.o
    0x080062bc   0x0000003c   Code   RO          536    i.TM_ADC_INT_Channel_9_Init  tm_stm32_adc.o
    0x080062f8   0x0000001c   Code   RO          537    i.TM_ADC_INT_InitPin  tm_stm32_adc.o
    0x08006314   0x000000cc   Code   RO          538    i.TM_ADC_Init       tm_stm32_adc.o
    0x080063e0   0x00000094   Code   RO          539    i.TM_ADC_InitADC    tm_stm32_adc.o
    0x08006474   0x00000054   Code   RO          540    i.TM_ADC_Read       tm_stm32_adc.o
    0x080064c8   0x00000002   Code   RO          686    i.TM_EXTI_Handler   tm_stm32_exti.o
    0x080064ca   0x0000000e   Code   RO          769    i.TM_GPIO_GetPortSource  tm_stm32_gpio.o
    0x080064d8   0x00000020   Code   RO          772    i.TM_GPIO_INT_EnableClock  tm_stm32_gpio.o
    0x080064f8   0x000000b0   Code   RO          773    i.TM_GPIO_INT_Init  tm_stm32_gpio.o
    0x080065a8   0x00000030   Code   RO          774    i.TM_GPIO_Init      tm_stm32_gpio.o
    0x080065d8   0x00000006   Code   RO         4241    i.USBH0_Core_Thread  USB_CM3_L.lib(usbh_core.o)
    0x080065de   0x0000000a   Code   RO         3338    i.USBH0_SignalPipeEvent  usbh_config_1.o
    0x080065e8   0x0000000a   Code   RO         3339    i.USBH0_SignalPortEvent  usbh_config_1.o
    0x080065f2   0x00000006   Code   RO         4242    i.USBH1_Core_Thread  USB_CM3_L.lib(usbh_core.o)
    0x080065f8   0x0000000a   Code   RO         3340    i.USBH1_SignalPipeEvent  usbh_config_1.o
    0x08006602   0x0000000a   Code   RO         3341    i.USBH1_SignalPortEvent  usbh_config_1.o
    0x0800660c   0x00000004   Code   RO         3342    i.USBH_CDC_Configure  usbh_config_1.o
    0x08006610   0x00000004   Code   RO         3343    i.USBH_CDC_Initialize  usbh_config_1.o
    0x08006614   0x00000004   Code   RO         3344    i.USBH_CDC_Unconfigure  usbh_config_1.o
    0x08006618   0x00000004   Code   RO         3345    i.USBH_CDC_Uninitialize  usbh_config_1.o
    0x0800661c   0x0000006e   Code   RO         1327    i.USBH_CH_Disable   usbh_fs_stm32f7xx.o
    0x0800668a   0x00000076   Code   RO         1486    i.USBH_CH_Disable   usbh_hs_stm32f7xx.o
    0x08006700   0x00000010   Code   RO         1328    i.USBH_CH_GetIndexFromAddress  usbh_fs_stm32f7xx.o
    0x08006710   0x00000010   Code   RO         1487    i.USBH_CH_GetIndexFromAddress  usbh_hs_stm32f7xx.o
    0x08006720   0x00000140   Code   RO         4245    i.USBH_ConnectDebounce  USB_CM3_L.lib(usbh_core.o)
    0x08006860   0x0000019c   Code   RO         4247    i.USBH_Core_Thread  USB_CM3_L.lib(usbh_core.o)
    0x080069fc   0x00000004   Code   RO         3346    i.USBH_CustomClass_Configure  usbh_config_1.o
    0x08006a00   0x00000004   Code   RO         3347    i.USBH_CustomClass_Initialize  usbh_config_1.o
    0x08006a04   0x00000004   Code   RO         3348    i.USBH_CustomClass_Unconfigure  usbh_config_1.o
    0x08006a08   0x00000004   Code   RO         3349    i.USBH_CustomClass_Uninitialize  usbh_config_1.o
    0x08006a0c   0x0000002c   Code   RO         4255    i.USBH_DefaultPipeSetAddress  USB_CM3_L.lib(usbh_core.o)
    0x08006a38   0x00000030   Code   RO         4256    i.USBH_DefaultPipeSetMaxPacketSize  USB_CM3_L.lib(usbh_core.o)
    0x08006a68   0x000000c4   Code   RO         4259    i.USBH_DeviceRequest_GetDescriptor  USB_CM3_L.lib(usbh_core.o)
    0x08006b2c   0x00000084   Code   RO         4262    i.USBH_DeviceRequest_SetAddress  USB_CM3_L.lib(usbh_core.o)
    0x08006bb0   0x00000084   Code   RO         4263    i.USBH_DeviceRequest_SetConfiguration  USB_CM3_L.lib(usbh_core.o)
    0x08006c34   0x00000010   Code   RO         4268    i.USBH_DriverGetCapabilities  USB_CM3_L.lib(usbh_core.o)
    0x08006c44   0x00000010   Code   RO         4270    i.USBH_DriverGetVersion  USB_CM3_L.lib(usbh_core.o)
    0x08006c54   0x0000004c   Code   RO         4271    i.USBH_DriverInitialize  USB_CM3_L.lib(usbh_core.o)
    0x08006ca0   0x0000005c   Code   RO         4272    i.USBH_DriverPipeCreate  USB_CM3_L.lib(usbh_core.o)
    0x08006cfc   0x00000044   Code   RO         4273    i.USBH_DriverPipeDelete  USB_CM3_L.lib(usbh_core.o)
    0x08006d40   0x00000060   Code   RO         4274    i.USBH_DriverPipeModify  USB_CM3_L.lib(usbh_core.o)
    0x08006da0   0x00000058   Code   RO         4276    i.USBH_DriverPipeTransfer  USB_CM3_L.lib(usbh_core.o)
    0x08006df8   0x00000044   Code   RO         4277    i.USBH_DriverPipeTransferAbort  USB_CM3_L.lib(usbh_core.o)
    0x08006e3c   0x0000003c   Code   RO         4278    i.USBH_DriverPipeTransferGetResult  USB_CM3_L.lib(usbh_core.o)
    0x08006e78   0x00000038   Code   RO         4279    i.USBH_DriverPortGetState  USB_CM3_L.lib(usbh_core.o)
    0x08006eb0   0x00000054   Code   RO         4280    i.USBH_DriverPortReset  USB_CM3_L.lib(usbh_core.o)
    0x08006f04   0x00000044   Code   RO         4281    i.USBH_DriverPortResume  USB_CM3_L.lib(usbh_core.o)
    0x08006f48   0x00000044   Code   RO         4282    i.USBH_DriverPortSuspend  USB_CM3_L.lib(usbh_core.o)
    0x08006f8c   0x0000004c   Code   RO         4283    i.USBH_DriverPortVbusOnOff  USB_CM3_L.lib(usbh_core.o)
    0x08006fd8   0x00000044   Code   RO         4284    i.USBH_DriverPowerControl  USB_CM3_L.lib(usbh_core.o)
    0x0800701c   0x00000354   Code   RO         4286    i.USBH_Engine       USB_CM3_L.lib(usbh_core.o)
    0x08007370   0x00000344   Code   RO         4287    i.USBH_EnumerateDevice  USB_CM3_L.lib(usbh_core.o)
    0x080076b4   0x000003dc   Code   RO         1329    i.USBH_FS_IRQ       usbh_fs_stm32f7xx.o
    0x08007a90   0x00000034   Code   RO         4288    i.USBH_FindRecoveryDevice  USB_CM3_L.lib(usbh_core.o)
    0x08007ac4   0x0000000c   Code   RO         1330    i.USBH_GetCapabilities  usbh_fs_stm32f7xx.o
    0x08007ad0   0x0000000c   Code   RO         1488    i.USBH_GetCapabilities  usbh_hs_stm32f7xx.o
    0x08007adc   0x0000001c   Code   RO         1331    i.USBH_GetFrameNumber  usbh_fs_stm32f7xx.o
    0x08007af8   0x0000001c   Code   RO         1489    i.USBH_GetFrameNumber  usbh_hs_stm32f7xx.o
    0x08007b14   0x00000030   Code   RO         4290    i.USBH_GetFree_PIPE_TID  USB_CM3_L.lib(usbh_core.o)
    0x08007b44   0x00000010   Code   RO         1332    i.USBH_GetVersion   usbh_fs_stm32f7xx.o
    0x08007b54   0x00000010   Code   RO         1490    i.USBH_GetVersion   usbh_hs_stm32f7xx.o
    0x08007b64   0x00000038   Code   RO         4291    i.USBH_Get_TID_from_Pipe  USB_CM3_L.lib(usbh_core.o)
    0x08007b9c   0x000000f4   Code   RO         4398    i.USBH_HID_Configure  USB_CM3_L.lib(usbh_hid.o)
    0x08007c90   0x00000030   Code   RO         4399    i.USBH_HID_DataReceived  USB_CM3_L.lib(usbh_hid.o)
    0x08007cc0   0x000000b4   Code   RO         4402    i.USBH_HID_GetKeyboardKey  USB_CM3_L.lib(usbh_hid.o)
    0x08007d74   0x000000b8   Code   RO         4406    i.USBH_HID_Initialize  USB_CM3_L.lib(usbh_hid.o)
    0x08007e2c   0x00000058   Code   RO         4407    i.USBH_HID_IntIn_Thread  USB_CM3_L.lib(usbh_hid.o)
    0x08007e84   0x00000002   Code   RO         4408    i.USBH_HID_ParseReportDescriptor  USB_CM3_L.lib(usbh_hid.o)
    0x08007e86   0x00000002   PAD
    0x08007e88   0x0000009c   Code   RO         4411    i.USBH_HID_SetIdle  USB_CM3_L.lib(usbh_hid.o)
    0x08007f24   0x00000088   Code   RO         4414    i.USBH_HID_Unconfigure  USB_CM3_L.lib(usbh_hid.o)
    0x08007fac   0x00000044   Code   RO         4415    i.USBH_HID_Uninitialize  USB_CM3_L.lib(usbh_hid.o)
    0x08007ff0   0x00000420   Code   RO         1491    i.USBH_HS_IRQ       usbh_hs_stm32f7xx.o
    0x08008410   0x000001f4   Code   RO         1333    i.USBH_HW_StartTransfer  usbh_fs_stm32f7xx.o
    0x08008604   0x00000214   Code   RO         1492    i.USBH_HW_StartTransfer  usbh_hs_stm32f7xx.o
    0x08008818   0x00000040   Code   RO         1334    i.USBH_Initialize   usbh_fs_stm32f7xx.o
    0x08008858   0x00000040   Code   RO         1493    i.USBH_Initialize   usbh_hs_stm32f7xx.o
    0x08008898   0x000001b0   Code   RO         4292    i.USBH_Initialize   USB_CM3_L.lib(usbh_core.o)
    0x08008a48   0x00000004   Code   RO         3350    i.USBH_MSC_Configure  usbh_config_1.o
    0x08008a4c   0x00000004   Code   RO         3351    i.USBH_MSC_Initialize  usbh_config_1.o
    0x08008a50   0x00000004   Code   RO         3352    i.USBH_MSC_Unconfigure  usbh_config_1.o
    0x08008a54   0x00000004   Code   RO         3353    i.USBH_MSC_Uninitialize  usbh_config_1.o
    0x08008a58   0x0000002a   Code   RO         4293    i.USBH_MemoryAllocate  USB_CM3_L.lib(usbh_core.o)
    0x08008a82   0x00000002   PAD
    0x08008a84   0x00000044   Code   RO         4888    i.USBH_MemoryAllocateLib  USB_CM3_L.lib(usbh_mem.o)
    0x08008ac8   0x00000026   Code   RO         4294    i.USBH_MemoryFree   USB_CM3_L.lib(usbh_core.o)
    0x08008aee   0x00000002   PAD
    0x08008af0   0x0000003c   Code   RO         4889    i.USBH_MemoryFreeLib  USB_CM3_L.lib(usbh_mem.o)
    0x08008b2c   0x00000010   Code   RO         4890    i.USBH_MemoryGetPoolSize  USB_CM3_L.lib(usbh_mem.o)
    0x08008b3c   0x0000001c   Code   RO         4295    i.USBH_MemoryInitialize  USB_CM3_L.lib(usbh_core.o)
    0x08008b58   0x00000040   Code   RO         4891    i.USBH_MemoryInitializeLib  USB_CM3_L.lib(usbh_mem.o)
    0x08008b98   0x00000028   Code   RO         4892    i.USBH_MemoryIsInPool  USB_CM3_L.lib(usbh_mem.o)
    0x08008bc0   0x0000002a   Code   RO         4297    i.USBH_PipeAbort    USB_CM3_L.lib(usbh_core.o)
    0x08008bea   0x00000002   PAD
    0x08008bec   0x00000104   Code   RO         1335    i.USBH_PipeCreate   usbh_fs_stm32f7xx.o
    0x08008cf0   0x00000104   Code   RO         1494    i.USBH_PipeCreate   usbh_hs_stm32f7xx.o
    0x08008df4   0x00000094   Code   RO         4298    i.USBH_PipeCreate   USB_CM3_L.lib(usbh_core.o)
    0x08008e88   0x00000050   Code   RO         1336    i.USBH_PipeDelete   usbh_fs_stm32f7xx.o
    0x08008ed8   0x00000050   Code   RO         1495    i.USBH_PipeDelete   usbh_hs_stm32f7xx.o
    0x08008f28   0x00000026   Code   RO         4299    i.USBH_PipeDelete   USB_CM3_L.lib(usbh_core.o)
    0x08008f4e   0x00000002   PAD
    0x08008f50   0x00000118   Code   RO         4300    i.USBH_PipeDoPing   USB_CM3_L.lib(usbh_core.o)
    0x08009068   0x00000078   Code   RO         1337    i.USBH_PipeModify   usbh_fs_stm32f7xx.o
    0x080090e0   0x00000078   Code   RO         1496    i.USBH_PipeModify   usbh_hs_stm32f7xx.o
    0x08009158   0x00000042   Code   RO         4301    i.USBH_PipeModify   USB_CM3_L.lib(usbh_core.o)
    0x0800919a   0x00000002   PAD
    0x0800919c   0x000002e0   Code   RO         4302    i.USBH_PipeReceive  USB_CM3_L.lib(usbh_core.o)
    0x0800947c   0x0000000e   Code   RO         4303    i.USBH_PipeReceiveGetResult  USB_CM3_L.lib(usbh_core.o)
    0x0800948a   0x00000002   PAD
    0x0800948c   0x00000044   Code   RO         1338    i.USBH_PipeReset    usbh_fs_stm32f7xx.o
    0x080094d0   0x00000044   Code   RO         1497    i.USBH_PipeReset    usbh_hs_stm32f7xx.o
    0x08009514   0x000002e8   Code   RO         4305    i.USBH_PipeSend     USB_CM3_L.lib(usbh_core.o)
    0x080097fc   0x00000164   Code   RO         4307    i.USBH_PipeSendSetup  USB_CM3_L.lib(usbh_core.o)
    0x08009960   0x00000098   Code   RO         1339    i.USBH_PipeTransfer  usbh_fs_stm32f7xx.o
    0x080099f8   0x00000098   Code   RO         1498    i.USBH_PipeTransfer  usbh_hs_stm32f7xx.o
    0x08009a90   0x00000048   Code   RO         1340    i.USBH_PipeTransferAbort  usbh_fs_stm32f7xx.o
    0x08009ad8   0x00000048   Code   RO         1499    i.USBH_PipeTransferAbort  usbh_hs_stm32f7xx.o
    0x08009b20   0x00000020   Code   RO         1341    i.USBH_PipeTransferGetResult  usbh_fs_stm32f7xx.o
    0x08009b40   0x00000020   Code   RO         1500    i.USBH_PipeTransferGetResult  usbh_hs_stm32f7xx.o
    0x08009b60   0x00000068   Code   RO         1342    i.USBH_PortGetState  usbh_fs_stm32f7xx.o
    0x08009bc8   0x00000074   Code   RO         1501    i.USBH_PortGetState  usbh_hs_stm32f7xx.o
    0x08009c3c   0x00000064   Code   RO         1343    i.USBH_PortReset    usbh_fs_stm32f7xx.o
    0x08009ca0   0x00000064   Code   RO         1502    i.USBH_PortReset    usbh_hs_stm32f7xx.o
    0x08009d04   0x00000030   Code   RO         1344    i.USBH_PortResume   usbh_fs_stm32f7xx.o
    0x08009d34   0x00000030   Code   RO         1503    i.USBH_PortResume   usbh_hs_stm32f7xx.o
    0x08009d64   0x00000030   Code   RO         1345    i.USBH_PortSuspend  usbh_fs_stm32f7xx.o
    0x08009d94   0x00000030   Code   RO         1504    i.USBH_PortSuspend  usbh_hs_stm32f7xx.o
    0x08009dc4   0x00000050   Code   RO         1346    i.USBH_PortVbusOnOff  usbh_fs_stm32f7xx.o
    0x08009e14   0x00000050   Code   RO         1505    i.USBH_PortVbusOnOff  usbh_hs_stm32f7xx.o
    0x08009e64   0x00000258   Code   RO         1347    i.USBH_PowerControl  usbh_fs_stm32f7xx.o
    0x0800a0bc   0x0000024c   Code   RO         1506    i.USBH_PowerControl  usbh_hs_stm32f7xx.o
    0x0800a308   0x000000a0   Code   RO         4308    i.USBH_PrepareEnumerateDevice  USB_CM3_L.lib(usbh_core.o)
    0x0800a3a8   0x000001d8   Code   RO         4310    i.USBH_RecoveryEnumerateDevice  USB_CM3_L.lib(usbh_core.o)
    0x0800a580   0x0000001c   Code   RO         4311    i.USBH_SignalPipeEvent  USB_CM3_L.lib(usbh_core.o)
    0x0800a59c   0x00000054   Code   RO         4312    i.USBH_SignalPortEvent  USB_CM3_L.lib(usbh_core.o)
    0x0800a5f0   0x0000001c   Code   RO         1348    i.USBH_Uninitialize  usbh_fs_stm32f7xx.o
    0x0800a60c   0x0000001c   Code   RO         1507    i.USBH_Uninitialize  usbh_hs_stm32f7xx.o
    0x0800a628   0x00000110   Code   RO         4314    i.USBH_UninitializeDevices  USB_CM3_L.lib(usbh_core.o)
    0x0800a738   0x0000002c   Code   RO         1132    i.__user_perthread_libspace  rtx_conf_cm.o
    0x0800a764   0x00000084   Code   RO           28    i._getopt_initialize  getopt.o
    0x0800a7e8   0x00000664   Code   RO           29    i._getopt_internal  getopt.o
    0x0800ae4c   0x00000046   Code   RO         4765    i._init_box         RTX_CM4.lib(rt_membox.o)
    0x0800ae92   0x00000002   PAD
    0x0800ae94   0x00000020   Code   RO         1133    i._mutex_acquire    rtx_conf_cm.o
    0x0800aeb4   0x0000002c   Code   RO         1134    i._mutex_initialize  rtx_conf_cm.o
    0x0800aee0   0x0000001c   Code   RO         1135    i._mutex_release    rtx_conf_cm.o
    0x0800aefc   0x00000026   Code   RO         1626    i._sys_close        retarget_io.o
    0x0800af22   0x00000024   Code   RO         1627    i._sys_flen         retarget_io.o
    0x0800af46   0x00000024   Code   RO         1628    i._sys_istty        retarget_io.o
    0x0800af6a   0x00000002   PAD
    0x0800af6c   0x00000068   Code   RO         1629    i._sys_open         retarget_io.o
    0x0800afd4   0x0000004c   Code   RO         1630    i._sys_read         retarget_io.o
    0x0800b020   0x0000002c   Code   RO         1631    i._sys_seek         retarget_io.o
    0x0800b04c   0x00000046   Code   RO         1632    i._sys_write        retarget_io.o
    0x0800b092   0x00000004   Code   RO         1633    i._ttywrch          retarget_io.o
    0x0800b096   0x00000002   PAD
    0x0800b098   0x000001b8   Code   RO          461    i.ch_getopt_adc     chshell_adc.o
    0x0800b250   0x00000268   Code   RO          342    i.ch_getopt_gpio    chshell_gpio.o
    0x0800b4b8   0x0000003c   Code   RO          412    i.ch_system_clear   chshell_system.o
    0x0800b4f4   0x00000184   Code   RO          413    i.ch_system_color   chshell_system.o
    0x0800b678   0x0000000e   Code   RO          415    i.ch_system_reboot  chshell_system.o
    0x0800b686   0x00000002   PAD
    0x0800b688   0x00000030   Code   RO         4818    i.dbg_init          RTX_CM4.lib(hal_cm.o)
    0x0800b6b8   0x00000020   Code   RO         4819    i.dbg_task_notify   RTX_CM4.lib(hal_cm.o)
    0x0800b6d8   0x00000010   Code   RO         4820    i.dbg_task_switch   RTX_CM4.lib(hal_cm.o)
    0x0800b6e8   0x000000a8   Code   RO           30    i.exchange          getopt.o
    0x0800b790   0x00000018   Code   RO         5062    i.fgetc             c_w.l(fgetc.o)
    0x0800b7a8   0x0000001a   Code   RO         5066    i.fputc             c_w.l(fputc.o)
    0x0800b7c2   0x00000002   PAD
    0x0800b7c4   0x0000002c   Code   RO          462    i.getChannel        chshell_adc.o
    0x0800b7f0   0x00000040   Code   RO          343    i.getMode           chshell_gpio.o
    0x0800b830   0x0000002c   Code   RO          463    i.getModule         chshell_adc.o
    0x0800b85c   0x0000003c   Code   RO          344    i.getPin            chshell_gpio.o
    0x0800b898   0x0000003c   Code   RO          345    i.getPort           chshell_gpio.o
    0x0800b8d4   0x0000003c   Code   RO          346    i.getPuPd           chshell_gpio.o
    0x0800b910   0x0000003c   Code   RO          347    i.getSpeed          chshell_gpio.o
    0x0800b94c   0x00000098   Code   RO            1    i.getline           getline.o
    0x0800b9e4   0x0000001c   Code   RO           31    i.getopt            getopt.o
    0x0800ba00   0x00000026   Code   RO           68    i.getopt_long_only  getopt1.o
    0x0800ba26   0x0000002a   Code   RO         3462    i.isrMessageGet     RTX_CM4.lib(rt_cmsis.o)
    0x0800ba50   0x0000002c   Code   RO         3463    i.isrMessagePut     RTX_CM4.lib(rt_cmsis.o)
    0x0800ba7c   0x00000028   Code   RO         3464    i.isrSemaphoreRelease  RTX_CM4.lib(rt_cmsis.o)
    0x0800baa4   0x00000024   Code   RO         3465    i.isrSignalSet      RTX_CM4.lib(rt_cmsis.o)
    0x0800bac8   0x00000028   Code   RO         4535    i.isr_evt_set       RTX_CM4.lib(rt_event.o)
    0x0800baf0   0x00000052   Code   RO         4653    i.isr_mbx_receive   RTX_CM4.lib(rt_mailbox.o)
    0x0800bb42   0x0000000e   Code   RO         4654    i.isr_mbx_send      RTX_CM4.lib(rt_mailbox.o)
    0x0800bb50   0x00000010   Code   RO         4701    i.isr_sem_send      RTX_CM4.lib(rt_semaphore.o)
    0x0800bb60   0x000001c8   Code   RO           98    i.main              main.o
    0x0800bd28   0x0000001a   Code   RO           32    i.my_index          getopt.o
    0x0800bd42   0x00000002   PAD
    0x0800bd44   0x00000018   Code   RO         3466    i.osDelay           RTX_CM4.lib(rt_cmsis.o)
    0x0800bd5c   0x00000024   Code   RO         3467    i.osKernelInitialize  RTX_CM4.lib(rt_cmsis.o)
    0x0800bd80   0x0000006c   Code   RO         3469    i.osKernelStart     RTX_CM4.lib(rt_cmsis.o)
    0x0800bdec   0x00000018   Code   RO         3470    i.osKernelSysTick   RTX_CM4.lib(rt_cmsis.o)
    0x0800be04   0x00000018   Code   RO         3478    i.osMessageGet      RTX_CM4.lib(rt_cmsis.o)
    0x0800be1c   0x00000030   Code   RO         3488    i.osSemaphoreCreate  RTX_CM4.lib(rt_cmsis.o)
    0x0800be4c   0x00000018   Code   RO         3490    i.osSemaphoreRelease  RTX_CM4.lib(rt_cmsis.o)
    0x0800be64   0x00000018   Code   RO         3491    i.osSemaphoreWait   RTX_CM4.lib(rt_cmsis.o)
    0x0800be7c   0x00000018   Code   RO         3493    i.osSignalSet       RTX_CM4.lib(rt_cmsis.o)
    0x0800be94   0x00000018   Code   RO         3494    i.osSignalWait      RTX_CM4.lib(rt_cmsis.o)
    0x0800beac   0x00000030   Code   RO         3495    i.osThreadCreate    RTX_CM4.lib(rt_cmsis.o)
    0x0800bedc   0x00000018   Code   RO         3496    i.osThreadExit      RTX_CM4.lib(rt_cmsis.o)
    0x0800bef4   0x00000018   Code   RO         3497    i.osThreadGetId     RTX_CM4.lib(rt_cmsis.o)
    0x0800bf0c   0x00000018   Code   RO         3500    i.osThreadTerminate  RTX_CM4.lib(rt_cmsis.o)
    0x0800bf24   0x0000000c   Code   RO         3502    i.osTimerCall       RTX_CM4.lib(rt_cmsis.o)
    0x0800bf30   0x00000034   Code   RO         3503    i.osTimerCreate     RTX_CM4.lib(rt_cmsis.o)
    0x0800bf64   0x00000018   Code   RO         3504    i.osTimerDelete     RTX_CM4.lib(rt_cmsis.o)
    0x0800bf7c   0x00000018   Code   RO         3505    i.osTimerStart      RTX_CM4.lib(rt_cmsis.o)
    0x0800bf94   0x0000002c   Code   RO         3507    i.osTimerThread     RTX_CM4.lib(rt_cmsis.o)
    0x0800bfc0   0x00000022   Code   RO         1136    i.os_error          rtx_conf_cm.o
    0x0800bfe2   0x00000004   Code   RO         1137    i.os_idle_demon     rtx_conf_cm.o
    0x0800bfe6   0x00000002   PAD
    0x0800bfe8   0x00000028   Code   RO         4445    i.os_tick_init      RTX_CM4.lib(rt_system.o)
    0x0800c010   0x00000002   Code   RO         4446    i.os_tick_irqack    RTX_CM4.lib(rt_system.o)
    0x0800c012   0x00000002   PAD
    0x0800c014   0x00000010   Code   RO         4447    i.os_tick_ovf       RTX_CM4.lib(rt_system.o)
    0x0800c024   0x00000014   Code   RO         4448    i.os_tick_val       RTX_CM4.lib(rt_system.o)
    0x0800c038   0x0000001a   Code   RO         4766    i.rt_alloc_box      RTX_CM4.lib(rt_membox.o)
    0x0800c052   0x0000003e   Code   RO         4794    i.rt_alloc_mem      RTX_CM4.lib(rt_memory.o)
    0x0800c090   0x00000038   Code   RO         4087    i.rt_block          RTX_CM4.lib(rt_task.o)
    0x0800c0c8   0x00000048   Code   RO         4743    i.rt_chk_robin      RTX_CM4.lib(rt_robin.o)
    0x0800c110   0x00000070   Code   RO         4577    i.rt_dec_dly        RTX_CM4.lib(rt_list.o)
    0x0800c180   0x00000044   Code   RO         4088    i.rt_dispatch       RTX_CM4.lib(rt_task.o)
    0x0800c1c4   0x00000006   Code   RO         4171    i.rt_dly_wait       RTX_CM4.lib(rt_time.o)
    0x0800c1ca   0x00000002   PAD
    0x0800c1cc   0x00000050   Code   RO         4538    i.rt_evt_psh        RTX_CM4.lib(rt_event.o)
    0x0800c21c   0x0000005c   Code   RO         4539    i.rt_evt_set        RTX_CM4.lib(rt_event.o)
    0x0800c278   0x0000003c   Code   RO         4540    i.rt_evt_wait       RTX_CM4.lib(rt_event.o)
    0x0800c2b4   0x0000002c   Code   RO         4767    i.rt_free_box       RTX_CM4.lib(rt_membox.o)
    0x0800c2e0   0x00000028   Code   RO         4795    i.rt_free_mem       RTX_CM4.lib(rt_memory.o)
    0x0800c308   0x00000028   Code   RO         4578    i.rt_get_first      RTX_CM4.lib(rt_list.o)
    0x0800c330   0x00000008   Code   RO         3512    i.rt_id2obj         RTX_CM4.lib(rt_cmsis.o)
    0x0800c338   0x00000048   Code   RO         4089    i.rt_init_context   RTX_CM4.lib(rt_task.o)
    0x0800c380   0x0000001a   Code   RO         4796    i.rt_init_mem       RTX_CM4.lib(rt_memory.o)
    0x0800c39a   0x00000002   PAD
    0x0800c39c   0x00000018   Code   RO         4744    i.rt_init_robin     RTX_CM4.lib(rt_robin.o)
    0x0800c3b4   0x00000080   Code   RO         4821    i.rt_init_stack     RTX_CM4.lib(hal_cm.o)
    0x0800c434   0x00000008   Code   RO         4655    i.rt_mbx_check      RTX_CM4.lib(rt_mailbox.o)
    0x0800c43c   0x0000001a   Code   RO         4656    i.rt_mbx_init       RTX_CM4.lib(rt_mailbox.o)
    0x0800c456   0x00000002   PAD
    0x0800c458   0x000000f0   Code   RO         4657    i.rt_mbx_psh        RTX_CM4.lib(rt_mailbox.o)
    0x0800c548   0x000000b4   Code   RO         4659    i.rt_mbx_wait       RTX_CM4.lib(rt_mailbox.o)
    0x0800c5fc   0x00000044   Code   RO         3513    i.rt_ms2tick        RTX_CM4.lib(rt_cmsis.o)
    0x0800c640   0x00000010   Code   RO         4205    i.rt_mut_init       RTX_CM4.lib(rt_mutex.o)
    0x0800c650   0x000000d8   Code   RO         4206    i.rt_mut_release    RTX_CM4.lib(rt_mutex.o)
    0x0800c728   0x00000068   Code   RO         4207    i.rt_mut_wait       RTX_CM4.lib(rt_mutex.o)
    0x0800c790   0x0000007c   Code   RO         4449    i.rt_pop_req        RTX_CM4.lib(rt_system.o)
    0x0800c80c   0x00000020   Code   RO         4450    i.rt_psh_req        RTX_CM4.lib(rt_system.o)
    0x0800c82c   0x0000005c   Code   RO         4580    i.rt_psq_enq        RTX_CM4.lib(rt_list.o)
    0x0800c888   0x00000048   Code   RO         4581    i.rt_put_dly        RTX_CM4.lib(rt_list.o)
    0x0800c8d0   0x00000036   Code   RO         4582    i.rt_put_prio       RTX_CM4.lib(rt_list.o)
    0x0800c906   0x00000002   PAD
    0x0800c908   0x00000014   Code   RO         4583    i.rt_put_rdy_first  RTX_CM4.lib(rt_list.o)
    0x0800c91c   0x00000034   Code   RO         4584    i.rt_resort_prio    RTX_CM4.lib(rt_list.o)
    0x0800c950   0x00000010   Code   RO         4822    i.rt_ret_regs       RTX_CM4.lib(hal_cm.o)
    0x0800c960   0x0000000c   Code   RO         4823    i.rt_ret_val        RTX_CM4.lib(hal_cm.o)
    0x0800c96c   0x00000010   Code   RO         4824    i.rt_ret_val2       RTX_CM4.lib(hal_cm.o)
    0x0800c97c   0x00000028   Code   RO         4585    i.rt_rmv_dly        RTX_CM4.lib(rt_list.o)
    0x0800c9a4   0x00000030   Code   RO         4586    i.rt_rmv_list       RTX_CM4.lib(rt_list.o)
    0x0800c9d4   0x0000000c   Code   RO         4703    i.rt_sem_init       RTX_CM4.lib(rt_semaphore.o)
    0x0800c9e0   0x00000034   Code   RO         4704    i.rt_sem_psh        RTX_CM4.lib(rt_semaphore.o)
    0x0800ca14   0x0000002a   Code   RO         4705    i.rt_sem_send       RTX_CM4.lib(rt_semaphore.o)
    0x0800ca3e   0x00000002   PAD
    0x0800ca40   0x00000040   Code   RO         4706    i.rt_sem_wait       RTX_CM4.lib(rt_semaphore.o)
    0x0800ca80   0x00000024   Code   RO         4452    i.rt_stk_check      RTX_CM4.lib(rt_system.o)
    0x0800caa4   0x00000028   Code   RO         4090    i.rt_switch_req     RTX_CM4.lib(rt_task.o)
    0x0800cacc   0x000000cc   Code   RO         4091    i.rt_sys_init       RTX_CM4.lib(rt_task.o)
    0x0800cb98   0x00000078   Code   RO         4092    i.rt_sys_start      RTX_CM4.lib(rt_task.o)
    0x0800cc10   0x00000040   Code   RO         4454    i.rt_systick        RTX_CM4.lib(rt_system.o)
    0x0800cc50   0x00000012   Code   RO         3514    i.rt_tid2ptcb       RTX_CM4.lib(rt_cmsis.o)
    0x0800cc62   0x00000002   PAD
    0x0800cc64   0x00000034   Code   RO         3515    i.rt_timer_insert   RTX_CM4.lib(rt_cmsis.o)
    0x0800cc98   0x0000003c   Code   RO         3516    i.rt_timer_remove   RTX_CM4.lib(rt_cmsis.o)
    0x0800ccd4   0x00000088   Code   RO         4093    i.rt_tsk_create     RTX_CM4.lib(rt_task.o)
    0x0800cd5c   0x0000017c   Code   RO         4094    i.rt_tsk_delete     RTX_CM4.lib(rt_task.o)
    0x0800ced8   0x0000007c   Code   RO         4096    i.rt_tsk_prio       RTX_CM4.lib(rt_task.o)
    0x0800cf54   0x00000010   Code   RO         4097    i.rt_tsk_self       RTX_CM4.lib(rt_task.o)
    0x0800cf64   0x00000014   Code   RO          273    i.stdin_getchar     stdin_keyboard.o
    0x0800cf78   0x00000028   Code   RO          288    i.stdout_init       stdout_display.o
    0x0800cfa0   0x00000078   Code   RO          289    i.stdout_putchar    stdout_display.o
    0x0800d018   0x00000012   Code   RO         3517    i.svcDelay          RTX_CM4.lib(rt_cmsis.o)
    0x0800d02a   0x00000002   PAD
    0x0800d02c   0x00000070   Code   RO         3518    i.svcKernelInitialize  RTX_CM4.lib(rt_cmsis.o)
    0x0800d09c   0x00000048   Code   RO         3520    i.svcKernelStart    RTX_CM4.lib(rt_cmsis.o)
    0x0800d0e4   0x00000038   Code   RO         3521    i.svcKernelSysTick  RTX_CM4.lib(rt_cmsis.o)
    0x0800d11c   0x00000024   Code   RO         3523    i.svcMessageCreate  RTX_CM4.lib(rt_cmsis.o)
    0x0800d140   0x0000003a   Code   RO         3524    i.svcMessageGet     RTX_CM4.lib(rt_cmsis.o)
    0x0800d17a   0x00000024   Code   RO         3531    i.svcSemaphoreCreate  RTX_CM4.lib(rt_cmsis.o)
    0x0800d19e   0x00000028   Code   RO         3533    i.svcSemaphoreRelease  RTX_CM4.lib(rt_cmsis.o)
    0x0800d1c6   0x00000032   Code   RO         3534    i.svcSemaphoreWait  RTX_CM4.lib(rt_cmsis.o)
    0x0800d1f8   0x00000024   Code   RO         3536    i.svcSignalSet      RTX_CM4.lib(rt_cmsis.o)
    0x0800d21c   0x00000054   Code   RO         3537    i.svcSignalWait     RTX_CM4.lib(rt_cmsis.o)
    0x0800d270   0x00000070   Code   RO         3538    i.svcThreadCreate   RTX_CM4.lib(rt_cmsis.o)
    0x0800d2e0   0x0000001c   Code   RO         3539    i.svcThreadGetId    RTX_CM4.lib(rt_cmsis.o)
    0x0800d2fc   0x00000038   Code   RO         3542    i.svcThreadTerminate  RTX_CM4.lib(rt_cmsis.o)
    0x0800d334   0x00000018   Code   RO         3544    i.svcTimerCall      RTX_CM4.lib(rt_cmsis.o)
    0x0800d34c   0x00000038   Code   RO         3545    i.svcTimerCreate    RTX_CM4.lib(rt_cmsis.o)
    0x0800d384   0x00000028   Code   RO         3546    i.svcTimerDelete    RTX_CM4.lib(rt_cmsis.o)
    0x0800d3ac   0x00000064   Code   RO         3547    i.svcTimerStart     RTX_CM4.lib(rt_cmsis.o)
    0x0800d410   0x0000005c   Code   RO         3553    i.sysTimerTick      RTX_CM4.lib(rt_cmsis.o)
    0x0800d46c   0x00000090   Code   RO          314    i.token             chshell_core.o
    0x0800d4fc   0x0000002c   Code   RO         5078    locale$$code        c_w.l(lc_ctype_c.o)
    0x0800d528   0x0000000a   Code   RO         5337    x$fpl$fpinit        fz_wm.l(fpinit.o)
    0x0800d532   0x0000025e   Data   RO          348    .constdata          chshell_gpio.o
    0x0800d790   0x000018a0   Data   RO         1122    .constdata          glcd_fonts.o
    0x0800f030   0x00000056   Data   RO         1139    .constdata          rtx_conf_cm.o
    0x0800f086   0x00000002   PAD
    0x0800f088   0x00000050   Data   RO         1350    .constdata          usbh_fs_stm32f7xx.o
    0x0800f0d8   0x00000050   Data   RO         1509    .constdata          usbh_hs_stm32f7xx.o
    0x0800f128   0x00000017   Data   RO         1634    .constdata          retarget_io.o
    0x0800f13f   0x00000010   Data   RO         2837    .constdata          stm32f7xx_hal_rcc.o
    0x0800f14f   0x00000001   PAD
    0x0800f150   0x00000024   Data   RO         3312    .constdata          usbh_config_0.o
    0x0800f174   0x000000e4   Data   RO         3355    .constdata          usbh_config_1.o
    0x0800f258   0x00000100   Data   RO         4906    .constdata          USB_CM3_L.lib(usbh_hid_idtoascii.o)
    0x0800f358   0x00000039   Data   RO         4907    .constdata          USB_CM3_L.lib(usbh_hid_idtoascii.o)
    0x0800f391   0x00000028   Data   RO         4950    .constdata          c_w.l(_printf_hex_int.o)
    0x0800f3b9   0x00000003   PAD
    0x0800f3bc   0x000002a8   Data   RO           99    .conststring        main.o
    0x0800f664   0x00000023   Data   RO          315    .conststring        chshell_core.o
    0x0800f687   0x00000001   PAD
    0x0800f688   0x000000ba   Data   RO          349    .conststring        chshell_gpio.o
    0x0800f742   0x00000002   PAD
    0x0800f744   0x00000071   Data   RO          416    .conststring        chshell_system.o
    0x0800f7b5   0x00000003   PAD
    0x0800f7b8   0x00000024   Data   RO          464    .conststring        chshell_adc.o
    0x0800f7dc   0x00000020   Data   RO         5407    Region$$Table       anon$$obj.o
    0x0800f7fc   0x00000110   Data   RO         5077    locale$$data        c_w.l(lc_ctype_c.o)


    Execution Region RW_IRAM1 (Base: 0x20010000, Size: 0x000032b8, Max: 0x00040000, ABSOLUTE, COMPRESSED[0x00000240])

    Base Addr    Size         Type   Attr      Idx    E Section Name        Object

    0x20010000   0x00000024   Data   RW           33    .data               getopt.o
    0x20010024   0x00000008   Data   RW          290    .data               stdout_display.o
    0x2001002c   0x00000028   Data   RW          316    .data               chshell_core.o
    0x20010054   0x000001c8   Data   RW          350    .data               chshell_gpio.o
    0x2001021c   0x00000078   Data   RW          417    .data               chshell_system.o
    0x20010294   0x000000c0   Data   RW          465    .data               chshell_adc.o
    0x20010354   0x00000002   Data   RW          923    .data               stm32746g_discovery_sdram.o
    0x20010356   0x00000002   PAD
    0x20010358   0x00000008   Data   RW         1020    .data               glcd_746g_discovery.o
    0x20010360   0x00000024   Data   RW         1140    .data               rtx_conf_cm.o
    0x20010384   0x00000001   Data   RW         1198    .data               otg_fs_stm32f7xx.o
    0x20010385   0x00000001   Data   RW         1272    .data               otg_hs_stm32f7xx.o
    0x20010386   0x00000002   PAD
    0x20010388   0x0000002b   Data   RW         1351    .data               usbh_fs_stm32f7xx.o
    0x200103b3   0x00000001   PAD
    0x200103b4   0x0000004b   Data   RW         1510    .data               usbh_hs_stm32f7xx.o
    0x200103ff   0x00000001   PAD
    0x20010400   0x00000004   Data   RW         3280    .data               system_stm32f7xx.o
    0x20010404   0x00000014   Data   RW         3313    .data               usbh_config_0.o
    0x20010418   0x0000004c   Data   RW         3356    .data               usbh_config_1.o
    0x20010464   0x00000008   Data   RW         3556    .data               RTX_CM4.lib(rt_cmsis.o)
    0x2001046c   0x00000008   Data   RW         4099    .data               RTX_CM4.lib(rt_task.o)
    0x20010474   0x00000004   Data   RW         4175    .data               RTX_CM4.lib(rt_time.o)
    0x20010478   0x00000008   Data   RW         4457    .data               RTX_CM4.lib(rt_system.o)
    0x20010480   0x00000008   Data   RW         4745    .data               RTX_CM4.lib(rt_robin.o)
    0x20010488   0x00000001   Data   RW         4825    .data               RTX_CM4.lib(hal_cm.o)
    0x20010489   0x00000003   PAD
    0x2001048c   0x00000004   Data   RW         5001    .data               c_w.l(stdio_streams.o)
    0x20010490   0x00000004   Data   RW         5002    .data               c_w.l(stdio_streams.o)
    0x20010494   0x00000004   Data   RW         5003    .data               c_w.l(stdio_streams.o)
    0x20010498   0x00000004   Data   RW         5007    .data               c_w.l(strtok.o)
    0x2001049c   0x00000004   Data   RW         5174    .data               c_w.l(streamlock.o)
    0x200104a0   0x00000044   Zero   RW          542    .bss                tm_stm32_adc.o
    0x200104e4   0x0000001a   Zero   RW          782    .bss                tm_stm32_gpio.o
    0x200104fe   0x00000002   PAD
    0x20010500   0x00000100   Zero   RW          922    .bss                stm32746g_discovery_sdram.o
    0x20010600   0x000000a8   Zero   RW         1019    .bss                glcd_746g_discovery.o
    0x200106a8   0x00001a70   Zero   RW         1138    .bss                rtx_conf_cm.o
    0x20012118   0x00000180   Zero   RW         1349    .bss                usbh_fs_stm32f7xx.o
    0x20012298   0x00000200   Zero   RW         1508    .bss                usbh_hs_stm32f7xx.o
    0x20012498   0x00000294   Zero   RW         3311    .bss                usbh_config_0.o
    0x2001272c   0x000003cc   Zero   RW         3354    .bss                usbh_config_1.o
    0x20012af8   0x00000034   Zero   RW         4098    .bss                RTX_CM4.lib(rt_task.o)
    0x20012b2c   0x00000030   Zero   RW         4587    .bss                RTX_CM4.lib(rt_list.o)
    0x20012b5c   0x00000060   Zero   RW         4922    .bss                c_w.l(libspace.o)
    0x20012bbc   0x00000054   Zero   RW         4998    .bss                c_w.l(stdio_streams.o)
    0x20012c10   0x00000054   Zero   RW         4999    .bss                c_w.l(stdio_streams.o)
    0x20012c64   0x00000054   Zero   RW         5000    .bss                c_w.l(stdio_streams.o)
    0x20012cb8   0x00000200   Zero   RW         3268    HEAP                startup_stm32f746xx.o
    0x20012eb8   0x00000400   Zero   RW         3267    STACK               startup_stm32f746xx.o



  Load Region LR$$.ARM.__AT_0xC0000000 (Base: 0xc0000000, Size: 0x00000000, Max: 0x0003fc00, ABSOLUTE)

    Execution Region ER$$.ARM.__AT_0xC0000000 (Base: 0xc0000000, Size: 0x0003fc00, Max: 0x0003fc00, ABSOLUTE, UNINIT)

    Base Addr    Size         Type   Attr      Idx    E Section Name        Object

    0xc0000000   0x0003fc00   Zero   RW         1018    .ARM.__AT_0xC0000000  glcd_746g_discovery.o


==============================================================================

Image component sizes


      Code (inc. data)   RO Data    RW Data    ZI Data      Debug   Object Name

       528        164         36        192          0       3833   chshell_adc.o
       144          8         35         40          0       1593   chshell_core.o
       920        216        792        456          0       6403   chshell_gpio.o
       462        200        113        120          0       9597   chshell_system.o
       152          8          0          0          0       2230   getline.o
      1990        440          0         36          0       5762   getopt.o
        38          0          0          0          0       1597   getopt1.o
       904         88          0          8     261288       6923   glcd_746g_discovery.o
         0          0       6304          0          0        784   glcd_fonts.o
       970        330        680          0          0     499301   main.o
       862         86          0          1          0      49314   otg_fs_stm32f7xx.o
      1078         88          0          1          0      53206   otg_hs_stm32f7xx.o
       408         24         23          0          0       6717   retarget_io.o
       214         48         86         36       6768      10663   rtx_conf_cm.o
        64         26        456          0       1536        876   startup_stm32f746xx.o
        20          0          0          0          0        528   stdin_keyboard.o
       160         14          0          8          0       1651   stdout_display.o
       748         66          0          2        256       4710   stm32746g_discovery_sdram.o
       138         16          0          0          0       4970   stm32f7xx_hal.o
      1208         56          0          0          0       6367   stm32f7xx_hal_adc.o
       458         34          0          0          0      38025   stm32f7xx_hal_cortex.o
      4064         46          0          0          0       4088   stm32f7xx_hal_dma.o
      1002        100          0          0          0       5637   stm32f7xx_hal_gpio.o
       922          6          0          0          0       3646   stm32f7xx_hal_ltdc.o
       144          8          0          0          0       1392   stm32f7xx_hal_pwr_ex.o
      2216         46         16          0          0       5001   stm32f7xx_hal_rcc.o
      1948         16          0          0          0       2340   stm32f7xx_hal_rcc_ex.o
       164          0          0          0          0       3516   stm32f7xx_hal_sdram.o
       368          0          0          0          0       3748   stm32f7xx_ll_fmc.o
       100         18          0          4          0       1341   system_stm32f7xx.o
      1104        226          0          0         68      14341   tm_stm32_adc.o
       394         28          0          0          0       4173   tm_stm32_exti.o
       270         10          0          0         26       3248   tm_stm32_gpio.o
         0          0         36         20        660       5653   usbh_config_0.o
        88          0        228         76        972      22869   usbh_config_1.o
      3572        278         80         43        384      52454   usbh_fs_stm32f7xx.o
      3680        294         80         75        512      20955   usbh_hs_stm32f7xx.o

    ----------------------------------------------------------------------
     31530       2988       9006       1124     272472     869452   Object Totals
         0          0         32          0          0          0   (incl. Generated)
        28          0          9          6          2          0   (incl. Padding)

    ----------------------------------------------------------------------

      Code (inc. data)   RO Data    RW Data    ZI Data      Debug   Library Member Name

       268         24          0          1          0       4452   hal_cm.o
       408         34          0          0          0        816   hal_cm4.o
      2110        242          0          8          0      51047   rt_cmsis.o
       272         18          0          0          0       2810   rt_event.o
       530         34          0          0         48       8597   rt_list.o
       550         10          0          0          0       4185   rt_mailbox.o
       140          0          0          0          0       2045   rt_membox.o
       128          0          0          0          0       2419   rt_memory.o
       336         12          0          0          0       2201   rt_mutex.o
        96         22          0          8          0       1230   rt_robin.o
       186         10          0          0          0       3102   rt_semaphore.o
       334         64          0          8          0       7387   rt_system.o
      1216        174          0          8         52      10025   rt_task.o
         6          0          0          4          0        684   rt_time.o
         4          4          0          0          0        200   svc_table.o
      8160        448          0          0          0       4072   usbh_core.o
      1170         88          0          0          0        816   usbh_hid.o
         0          0        313          0          0          0   usbh_hid_idtoascii.o
       248         32          0          0          0        368   usbh_mem.o
        90          0          0          0          0          0   __dczerorl2.o
         8          0          0          0          0         68   __main.o
       104          0          0          0          0         84   __printf.o
         0          0          0          0          0          0   __rtentry.o
        20          0          0          0          0          0   __rtentry2.o
         6          0          0          0          0          0   __rtentry4.o
        52          8          0          0          0          0   __scatter.o
        28          0          0          0          0          0   __scatter_zi.o
        28          0          0          0          0         68   _chval.o
         6          0          0          0          0          0   _printf_c.o
        44          0          0          0          0        108   _printf_char.o
        48          6          0          0          0         96   _printf_char_common.o
        64          6          0          0          0         84   _printf_char_file_locked.o
         6          0          0          0          0          0   _printf_d.o
       120         16          0          0          0         92   _printf_dec.o
        88          4         40          0          0         88   _printf_hex_int.o
       178          0          0          0          0         88   _printf_intcommon.o
         0          0          0          0          0          0   _printf_percent.o
         4          0          0          0          0          0   _printf_percent_end.o
         6          0          0          0          0          0   _printf_s.o
        82          0          0          0          0         80   _printf_str.o
         6          0          0          0          0          0   _printf_x.o
        10          0          0          0          0         68   _sputc.o
       158          0          0          0          0         92   _strtoul.o
        26          0          0          0          0         80   atoi.o
        10          0          0          0          0         68   defsig_exit.o
        50          0          0          0          0         88   defsig_general.o
        80         58          0          0          0         76   defsig_rtmem_inner.o
        14          0          0          0          0         80   defsig_rtmem_outer.o
        52         38          0          0          0         76   defsig_rtred_inner.o
        14          0          0          0          0         80   defsig_rtred_outer.o
        18          0          0          0          0         80   exit.o
        76          0          0          0          0         88   fclose.o
       144         10          0          0          0        128   fflush_locked.o
        24          0          0          0          0         68   fgetc.o
        32          0          0          0          0         80   fgetc_locked.o
       570          0          0          0          0        132   filbuf.o
       470          0          0          0          0         88   flsbuf.o
        92          8          0          0          0         88   flushlinebuffered_locked.o
       324          8          0          0          0        152   fopen_locked.o
        26          0          0          0          0         68   fputc.o
        36          0          0          0          0         80   fputc_locked.o
       248          6          0          0          0         84   fseek.o
        66          0          0          0          0         76   ftell.o
         4          0          0          0          0         68   getc.o
       158          0          0          0          0        128   h1_alloc_mt.o
        62          0          0          0          0         80   h1_extend_mt.o
       118          0          0          0          0        108   h1_free_mt.o
        18          0          0          0          0         84   h1_init_mt.o
         6          0          0          0          0        152   heapauxi.o
         4          0          0          0          0        136   hguard.o
         0          0          0          0          0          0   indicate_semi.o
       138          0          0          0          0        168   init_alloc.o
       456         48          0          0          0        116   initio_locked.o
        44         10        272          0          0         76   lc_ctype_c.o
         2          0          0          0          0          0   libinit.o
        36          0          0          0          0          0   libinit2.o
         2          0          0          0          0          0   libshutdown.o
         6          0          0          0          0          0   libshutdown2.o
         8          4          0          0         96         68   libspace.o
       238          0          0          0          0        100   lludivv7m.o
         0          0          0          0          0          0   maybetermalloc1.o
        88          0          0          0          0         76   memcmp.o
        20          0          0          0          0         84   noretval__2fprintf.o
        24          4          0          0          0         84   noretval__2printf.o
        40          6          0          0          0         84   noretval__2sprintf.o
         4          0          0          0          0         68   putc.o
        16          4          0          0          0         76   rt_ctype_table.o
         4          0          0          0          0         68   rt_errno_addr_twolibspace.o
        10          0          0          0          0         76   rt_heap_descriptor_twolibspace.o
        10          0          0          0          0         76   rt_locale_twolibspace.o
        78          0          0          0          0         80   rt_memclr_w.o
       138          0          0          0          0         68   rt_memcpy_v6.o
       100          0          0          0          0         80   rt_memcpy_w.o
         2          0          0          0          0          0   rtexit.o
        10          0          0          0          0          0   rtexit2.o
       104          0          0          0          0         88   setvbuf_locked.o
       240          6          0          0          0        156   stdio.o
         0          0          0         12        252          0   stdio_streams.o
       104          0          0          0          0         68   strcmpv7m_pel.o
        32          0          0          0          0         80   strcspn.o
         0          0          0          4          0          0   streamlock.o
        62          0          0          0          0         76   strlen.o
       150          0          0          0          0         80   strncmp.o
        28          0          0          0          0         80   strspn.o
        12          6          0          4          0         68   strtok.o
        68          4          0          0          0         84   strtok_int.o
       112          0          0          0          0         88   strtol.o
        12          4          0          0          0         68   sys_exit.o
        74          0          0          0          0         80   sys_stackheap_outer.o
         2          0          0          0          0         68   use_no_semi.o
        10          0          0          0          0        116   fpinit.o

    ----------------------------------------------------------------------
     22592       1480        628         60        448     112636   Library Totals
        48          0          3          3          0          0   (incl. Padding)

    ----------------------------------------------------------------------

      Code (inc. data)   RO Data    RW Data    ZI Data      Debug   Library Name

      6584        648          0         37        100     101200   RTX_CM4.lib
      9578        568        313          0          0       5256   USB_CM3_L.lib
      6372        264        312         20        348       6064   c_w.l
        10          0          0          0          0        116   fz_wm.l

    ----------------------------------------------------------------------
     22592       1480        628         60        448     112636   Library Totals

    ----------------------------------------------------------------------

==============================================================================


      Code (inc. data)   RO Data    RW Data    ZI Data      Debug   

     54122       4468       9634       1184     272920     944284   Grand Totals
     54122       4468       9634        576     272920     944284   ELF Image Totals (compressed)
     54122       4468       9634        576          0          0   ROM Totals

==============================================================================

    Total RO  Size (Code + RO Data)                63756 (  62.26kB)
    Total RW  Size (RW Data + ZI Data)            274104 ( 267.68kB)
    Total ROM Size (Code + RO Data + RW Data)      64332 (  62.82kB)

==============================================================================

